
 Start         Length     Name                   Class
 0001:00401000 0001CAF8H .text                   CODE
 0002:0041E000 000005E4H .itext                  ICODE
 0003:0041F000 0000132CH .data                   DATA
 0004:00421000 00004BB4H .bss                    BSS
 0005:00000000 0000000CH .tls                    TLS


Detailed map of segments

 0001:00000000 00005B09 C=CODE     S=.text    G=(none)   M=System   ACBP=A9
 0001:00005B0C 00000105 C=CODE     S=.text    G=(none)   M=SysInit  ACBP=A9
 0001:00005C14 000001DC C=CODE     S=.text    G=(none)   M=Windows  ACBP=A9
 0001:00005DF0 0000006E C=CODE     S=.text    G=(none)   M=WinSock  ACBP=A9
 0001:00005E60 00000308 C=CODE     S=.text    G=(none)   M=SysConst ACBP=A9
 0001:00006168 00006409 C=CODE     S=.text    G=(none)   M=SysUtils ACBP=A9
 0001:0000C574 000007EE C=CODE     S=.text    G=(none)   M=VarUtils ACBP=A9
 0001:0000CD64 0000275C C=CODE     S=.text    G=(none)   M=Variants ACBP=A9
 0001:0000F4C0 00000080 C=CODE     S=.text    G=(none)   M=RTLConsts ACBP=A9
 0001:0000F540 0000007B C=CODE     S=.text    G=(none)   M=TypInfo  ACBP=A9
 0001:0000F5BC 00004575 C=CODE     S=.text    G=(none)   M=Classes  ACBP=A9
 0001:00013B34 000001BC C=CODE     S=.text    G=(none)   M=Data     ACBP=A9
 0001:00013CF0 00000094 C=CODE     S=.text    G=(none)   M=DateUtils ACBP=A9
 0001:00013D84 00002B69 C=CODE     S=.text    G=(none)   M=HTTPServer ACBP=A9
 0001:000168F0 00000B2C C=CODE     S=.text    G=(none)   M=WormNATServer ACBP=A9
 0001:0001741C 00003060 C=CODE     S=.text    G=(none)   M=IRCServer ACBP=A9
 0001:0001A47C 00000A6F C=CODE     S=.text    G=(none)   M=Base     ACBP=A9
 0001:0001AEEC 00001B19 C=CODE     S=.text    G=(none)   M=IniFiles ACBP=A9
 0001:0001CA08 000000F0 C=CODE     S=.text    G=(none)   M=WNServer ACBP=A9
 0002:00000000 00000095 C=ICODE    S=.itext   G=(none)   M=System   ACBP=A9
 0002:00000098 00000011 C=ICODE    S=.itext   G=(none)   M=Windows  ACBP=A9
 0002:000000AC 00000088 C=ICODE    S=.itext   G=(none)   M=SysUtils ACBP=A9
 0002:00000134 0000000F C=ICODE    S=.itext   G=(none)   M=VarUtils ACBP=A9
 0002:00000144 000000AA C=ICODE    S=.itext   G=(none)   M=Variants ACBP=A9
 0002:000001F0 00000008 C=ICODE    S=.itext   G=(none)   M=TypInfo  ACBP=A9
 0002:000001F8 00000092 C=ICODE    S=.itext   G=(none)   M=Classes  ACBP=A9
 0002:0000028C 00000008 C=ICODE    S=.itext   G=(none)   M=HTTPServer ACBP=A9
 0002:00000294 00000008 C=ICODE    S=.itext   G=(none)   M=WormNATServer ACBP=A9
 0002:0000029C 00000008 C=ICODE    S=.itext   G=(none)   M=IRCServer ACBP=A9
 0002:000002A4 00000008 C=ICODE    S=.itext   G=(none)   M=Base     ACBP=A9
 0002:000002AC 00000008 C=ICODE    S=.itext   G=(none)   M=IniFiles ACBP=A9
 0002:000002B4 00000330 C=ICODE    S=.itext   G=(none)   M=WNServer ACBP=A9
 0003:00000000 000007B4 C=DATA     S=.data    G=DGROUP   M=System   ACBP=A9
 0003:000007B4 00000020 C=DATA     S=.data    G=DGROUP   M=SysInit  ACBP=A9
 0003:000007D4 0000024C C=DATA     S=.data    G=DGROUP   M=SysUtils ACBP=A9
 0003:00000A20 00000008 C=DATA     S=.data    G=DGROUP   M=VarUtils ACBP=A9
 0003:00000A28 00000076 C=DATA     S=.data    G=DGROUP   M=Variants ACBP=A9
 0003:00000AA0 0000000C C=DATA     S=.data    G=DGROUP   M=TypInfo  ACBP=A9
 0003:00000AAC 0000008C C=DATA     S=.data    G=DGROUP   M=Classes  ACBP=A9
 0003:00000B38 00000450 C=DATA     S=.data    G=DGROUP   M=HTTPServer ACBP=A9
 0003:00000F88 00000004 C=DATA     S=.data    G=DGROUP   M=WormNATServer ACBP=A9
 0003:00000F8C 00000004 C=DATA     S=.data    G=DGROUP   M=IRCServer ACBP=A9
 0003:00000F90 00000150 C=DATA     S=.data    G=DGROUP   M=Base     ACBP=A9
 0003:000010E0 00000008 C=DATA     S=.data    G=DGROUP   M=IniFiles ACBP=A9
 0004:00000000 000027EC C=BSS      S=.bss     G=DGROUP   M=System   ACBP=A9
 0004:000027EC 0000000C C=BSS      S=.bss     G=DGROUP   M=SysInit  ACBP=A9
 0004:000027F8 00000008 C=BSS      S=.bss     G=DGROUP   M=Windows  ACBP=A9
 0004:00002800 00002108 C=BSS      S=.bss     G=DGROUP   M=SysUtils ACBP=A9
 0004:00004908 0000005C C=BSS      S=.bss     G=DGROUP   M=VarUtils ACBP=A9
 0004:00004964 00000040 C=BSS      S=.bss     G=DGROUP   M=Variants ACBP=A9
 0004:000049A4 00000004 C=BSS      S=.bss     G=DGROUP   M=TypInfo  ACBP=A9
 0004:000049A8 00000038 C=BSS      S=.bss     G=DGROUP   M=Classes  ACBP=A9
 0004:000049E0 00000008 C=BSS      S=.bss     G=DGROUP   M=HTTPServer ACBP=A9
 0004:000049E8 00000008 C=BSS      S=.bss     G=DGROUP   M=WormNATServer ACBP=A9
 0004:000049F0 00000008 C=BSS      S=.bss     G=DGROUP   M=IRCServer ACBP=A9
 0004:000049F8 0000001C C=BSS      S=.bss     G=DGROUP   M=Base     ACBP=A9
 0004:00004A14 00000004 C=BSS      S=.bss     G=DGROUP   M=IniFiles ACBP=A9
 0004:00004A18 0000019C C=BSS      S=.bss     G=DGROUP   M=WNServer ACBP=A9
 0005:00000000 00000008 C=TLS      S=.tls     G=(none)   M=System   ACBP=A9
 0005:00000008 00000004 C=TLS      S=.tls     G=(none)   M=Classes  ACBP=A9


  Address             Publics by Name

 0004:00004A10       Base..1
 0002:000002A4       Base.Base
 0001:0001A628       Base.EventLog
 0001:0001AE88       Base.Finalization
 0004:00004A00       Base.HTTPPort
 0004:00004A0C       Base.IRCChannel
 0004:00004A08       Base.IRCOperPassword
 0004:000049FC       Base.IRCPort
 0001:0001A47C       Base.Log
 0004:000049F8       Base.ServerHost
 0001:0001ADEC       Base.WinSockErrorCodeStr
 0003:00000F90       Base.WinSockErrors
 0004:00004A04       Base.WormNATPort
 0004:000049B0       Classes..95
 0001:0000F678       Classes..EFCreateError
 0001:0000F72C       Classes..EFilerError
 0001:0000F618       Classes..EFileStreamError
 0001:0000F6D4       Classes..EFOpenError
 0001:0000F834       Classes..EListError
 0001:0000F784       Classes..EReadError
 0001:0000F5BC       Classes..EStreamError
 0001:0000F88C       Classes..EStringListError
 0001:0000FF34       Classes..EThread
 0001:0000F7DC       Classes..EWriteError
 0001:0000FE3C       Classes..TCustomMemoryStream
 0001:0000FDB4       Classes..TFileStream
 0001:0000FD3C       Classes..THandleStream
 0001:0000F8EC       Classes..TList
 0001:0000FEB8       Classes..TMemoryStream
 0001:0000F9A8       Classes..TPersistent
 0001:00010008       Classes..TRegGroup
 0001:00010060       Classes..TRegGroups
 0001:0000FCCC       Classes..TStream
 0001:0000FBB4       Classes..TStringList
 0001:0000FA7C       Classes..TStrings
 0001:0000FF88       Classes..TThread
 0001:0000F950       Classes..TThreadList
 0001:00013214       Classes.AddThread
 0001:00013100       Classes.BinToHex
 0001:0001322C       Classes.CheckSynchronize
 0002:000001F8       Classes.Classes
 0003:00000AC4       Classes.Convert
 0003:00000AB4       Classes.Convert
 0001:000131C8       Classes.DoneThreadSynchronization
 0001:00010AD0       Classes.DoWrite
 0001:00013A84       Classes.Finalization
 0004:000049BC       Classes.FindGlobalComponentProcs
 0001:00013A10       Classes.FreeIntConstList
 0004:000049C0       Classes.GlobalFixupList
 0005:00000008       Classes.GlobalLists
 0004:000049A8       Classes.GlobalNameSpace
 0001:0001313C       Classes.HexToBin
 0001:00013194       Classes.InitThreadSynchronization
 0004:000049B4       Classes.IntConstList
 0001:00013A7C       Classes.ModuleUnload
 0001:00010154       Classes.PointerInModule
 0001:00012960       Classes.PropValueError
 0001:000120F8       Classes.RaiseException
 0001:00012948       Classes.ReadError
 0004:000049B8       Classes.RegGroups
 0001:00012818       Classes.RemoveFixupReferences
 0001:000128C4       Classes.RemoveFixups
 0001:00013220       Classes.RemoveThread
 0001:000131E0       Classes.ResetSyncEvent
 0001:00010470       Classes.ReturnAddr
 0001:00010C30       Classes.ReturnAddr
 0001:00013208       Classes.SignalSyncEvent
 0001:00012CAC       Classes.SkipBinary
 0001:00012CDC       Classes.SkipCollection
 0001:00012C84       Classes.SkipList
 0001:00011F1C       Classes.StringListCompareStrings
 0004:000049AC       Classes.SyncEvent
 0003:00000B34       Classes.SyncList
 0001:00012654       Classes.TCustomMemoryStream.Read
 0001:0001268C       Classes.TCustomMemoryStream.Seek
 0001:0001264C       Classes.TCustomMemoryStream.SetPointer
 0001:00012460       Classes.TFileStream.Create
 0001:000124A4       Classes.TFileStream.Create
 0001:00012618       Classes.TFileStream.Destroy
 0001:0001239C       Classes.THandleStream.Create
 0001:000123D8       Classes.THandleStream.Read
 0001:000123F8       Classes.THandleStream.Seek
 0001:00012438       Classes.THandleStream.SetSize
 0001:00012424       Classes.THandleStream.SetSize
 0001:000123E8       Classes.THandleStream.Write
 0004:000049DC       Classes.ThreadCount
 0004:000049C4       Classes.ThreadLock
 0001:00013404       Classes.ThreadProc
 0001:000103C8       Classes.TList.Add
 0001:000103FC       Classes.TList.Clear
 0001:00010414       Classes.TList.Delete
 0001:000103A8       Classes.TList.Destroy
 0001:000104AC       Classes.TList.Error
 0001:00010474       Classes.TList.Error
 0001:00010500       Classes.TList.Get
 0001:00010528       Classes.TList.Grow
 0001:0001060C       Classes.TList.Notify
 0001:0001055C       Classes.TList.SetCapacity
 0001:00010598       Classes.TList.SetCount
 0001:000126DC       Classes.TMemoryStream.Clear
 0001:000126B0       Classes.TMemoryStream.Destroy
 0001:00012748       Classes.TMemoryStream.Realloc
 0001:000126F4       Classes.TMemoryStream.SetCapacity
 0001:0001271C       Classes.TMemoryStream.SetSize
 0001:000127C8       Classes.TMemoryStream.Write
 0001:0001072C       Classes.TPersistent.Assign
 0001:00010740       Classes.TPersistent.AssignError
 0001:00010810       Classes.TPersistent.AssignTo
 0001:00010818       Classes.TPersistent.DefineProperties
 0001:00010700       Classes.TPersistent.Destroy
 0001:0001081C       Classes.TPersistent.GetNamePath
 0001:000108CC       Classes.TPersistent.GetOwner
 0001:0001296C       Classes.TReader.CheckValue
 0001:00012990       Classes.TReader.EndOfList
 0001:000129A4       Classes.TReader.NextValue
 0001:000129B4       Classes.TReader.Read
 0001:00012A00       Classes.TReader.ReadBuffer
 0001:00012A3C       Classes.TReader.ReadListBegin
 0001:00012A44       Classes.TReader.ReadListEnd
 0001:00012A4C       Classes.TReader.ReadStr
 0001:00012A88       Classes.TReader.ReadString
 0001:00012C28       Classes.TReader.ReadValue
 0001:00012B44       Classes.TReader.ReadWideString
 0001:00012F30       Classes.TReader.SkipBytes
 0001:00012EE8       Classes.TReader.SkipProperty
 0001:00012C3C       Classes.TReader.SkipSetBody
 0001:00012D38       Classes.TReader.SkipValue
 0001:000100B8       Classes.TRegGroup.Create
 0001:00010114       Classes.TRegGroup.Destroy
 0001:00010174       Classes.TRegGroup.UnregisterModuleClasses
 0001:00010220       Classes.TRegGroups.Create
 0001:00010294       Classes.TRegGroups.Destroy
 0001:000102F4       Classes.TRegGroups.Lock
 0001:00010300       Classes.TRegGroups.Unlock
 0001:0001030C       Classes.TRegGroups.UnregisterModuleClasses
 0001:000122A8       Classes.TStream.CopyFrom
 0001:00012020       Classes.TStream.GetPosition
 0001:00012054       Classes.TStream.GetSize
 0001:00012238       Classes.TStream.ReadBuffer
 0001:000121C8       Classes.TStream.Seek
 0001:00012144       Classes.TStream.Seek
 0001:00012040       Classes.TStream.SetPosition
 0001:000120A4       Classes.TStream.SetSize
 0001:000120A0       Classes.TStream.SetSize
 0001:00012270       Classes.TStream.WriteBuffer
 0001:000119A8       Classes.TStringList.Add
 0001:000119B8       Classes.TStringList.AddObject
 0001:00011A1C       Classes.TStringList.Changed
 0001:00011A38       Classes.TStringList.Changing
 0001:00011A54       Classes.TStringList.Clear
 0001:00011F84       Classes.TStringList.CompareStrings
 0001:00011F4C       Classes.TStringList.CustomSort
 0001:00011A94       Classes.TStringList.Delete
 0001:0001194C       Classes.TStringList.Destroy
 0001:00011B00       Classes.TStringList.Exchange
 0001:00011B5C       Classes.TStringList.ExchangeItems
 0001:00011B80       Classes.TStringList.Find
 0001:00011C04       Classes.TStringList.Get
 0001:00011C38       Classes.TStringList.GetCapacity
 0001:00011C3C       Classes.TStringList.GetCount
 0001:00011C40       Classes.TStringList.GetObject
 0001:00011C68       Classes.TStringList.Grow
 0001:00011C9C       Classes.TStringList.IndexOf
 0001:00011CD8       Classes.TStringList.Insert
 0001:00011D3C       Classes.TStringList.InsertItem
 0001:00011CE8       Classes.TStringList.InsertObject
 0001:00011DB8       Classes.TStringList.Put
 0001:00011E14       Classes.TStringList.PutObject
 0001:00011E54       Classes.TStringList.QuickSort
 0001:00011EE8       Classes.TStringList.SetCapacity
 0001:00012008       Classes.TStringList.SetCaseSensitive
 0001:00011F04       Classes.TStringList.SetUpdateState
 0001:00011F3C       Classes.TStringList.Sort
 0001:00010900       Classes.TStrings.Add
 0001:00010924       Classes.TStrings.AddObject
 0001:00010948       Classes.TStrings.AddStrings
 0001:00010A00       Classes.TStrings.Assign
 0001:00010AB8       Classes.TStrings.BeginUpdate
 0001:000118D4       Classes.TStrings.CompareStrings
 0001:00010B28       Classes.TStrings.DefineProperties
 0001:000108D0       Classes.TStrings.Destroy
 0001:00010B74       Classes.TStrings.EndUpdate
 0001:00010B88       Classes.TStrings.Equals
 0001:00010C6C       Classes.TStrings.Error
 0001:00010C34       Classes.TStrings.Error
 0001:00010CC4       Classes.TStrings.Exchange
 0001:00010DB0       Classes.TStrings.ExtractName
 0001:00010E2C       Classes.TStrings.GetCapacity
 0001:00011874       Classes.TStrings.GetLineBreak
 0001:00010E34       Classes.TStrings.GetName
 0001:00011918       Classes.TStrings.GetNameValueSeparator
 0001:00010E94       Classes.TStrings.GetObject
 0001:00010E98       Classes.TStrings.GetText
 0001:00010EEC       Classes.TStrings.GetTextStr
 0001:00011024       Classes.TStrings.GetValue
 0001:000110B0       Classes.TStrings.IndexOf
 0001:0001113C       Classes.TStrings.IndexOfName
 0001:00011210       Classes.TStrings.IndexOfObject
 0001:00011244       Classes.TStrings.InsertObject
 0001:00011274       Classes.TStrings.LoadFromFile
 0001:000112C8       Classes.TStrings.LoadFromStream
 0001:00011374       Classes.TStrings.Move
 0001:00011424       Classes.TStrings.Put
 0001:00011454       Classes.TStrings.PutObject
 0001:00011458       Classes.TStrings.ReadData
 0001:00011508       Classes.TStrings.SaveToFile
 0001:00011560       Classes.TStrings.SaveToStream
 0001:000115C0       Classes.TStrings.SetCapacity
 0001:000118A8       Classes.TStrings.SetLineBreak
 0001:00011930       Classes.TStrings.SetNameValueSeparator
 0001:000115C4       Classes.TStrings.SetStringsAdapter
 0001:000115F8       Classes.TStrings.SetText
 0001:00011648       Classes.TStrings.SetTextStr
 0001:000117EC       Classes.TStrings.SetUpdateState
 0001:000117F0       Classes.TStrings.WriteData
 0001:000135F0       Classes.TThread.AfterConstruction
 0001:00013690       Classes.TThread.CallOnTerminate
 0001:000135FC       Classes.TThread.CheckThreadError
 0001:00013678       Classes.TThread.CheckThreadError
 0001:000134AC       Classes.TThread.Create
 0001:0001357C       Classes.TThread.Destroy
 0001:000136A4       Classes.TThread.DoTerminate
 0001:000136B8       Classes.TThread.RemoveQueuedEvents
 0001:0001393C       Classes.TThread.Resume
 0001:00013914       Classes.TThread.Synchronize
 0001:00013778       Classes.TThread.Synchronize
 0001:00013964       Classes.TThread.Terminate
 0001:0001396C       Classes.TThread.WaitFor
 0001:00010610       Classes.TThreadList.Create
 0001:00010664       Classes.TThreadList.Destroy
 0001:000106E0       Classes.TThreadList.LockList
 0001:000106F4       Classes.TThreadList.UnlockList
 0001:00012F78       Classes.TWriter.Write
 0001:00012FC4       Classes.TWriter.WriteBuffer
 0001:00012FDC       Classes.TWriter.WriteListBegin
 0001:00012FE4       Classes.TWriter.WriteListEnd
 0001:00012FEC       Classes.TWriter.WriteMinStr
 0001:00013098       Classes.TWriter.WriteString
 0001:000130EC       Classes.TWriter.WriteValue
 0001:0001035C       Classes.UnRegisterModuleClasses
 0001:000131EC       Classes.WaitForSyncEvent
 0003:00000AAC       Classes.WakeMainThread
 0001:00013C30       Data.GetFile
 0001:00013B34       Data.GetLine
 0001:00013CF0       DateUtils.MinutesBetween
 0001:00013D54       DateUtils.MinuteSpan
 0001:00013D20       DateUtils.SpanOfNowAndThen
 0004:000049E4       HTTPServer..3
 0001:00013D84       HTTPServer..TRequest
 0001:00013E5C       HTTPServer.CleanUpGames
 0001:00016898       HTTPServer.Finalization
 0003:00000B38       HTTPServer.GameCounter
 0004:000049E0       HTTPServer.Games
 0002:0000028C       HTTPServer.HTTPServer
 0001:00016604       HTTPServer.MainProc
 0003:00000B3C       HTTPServer.MimeTypes
 0001:00016874       HTTPServer.StartHTTPServer
 0003:00000F84       HTTPServer.ThreadID
 0001:00014F98       HTTPServer.TRequest.Execute
 0001:00016510       HTTPServer.TRequest.SendLn
 0004:00004A14       IniFiles..8
 0001:0001AEEC       IniFiles..TCustomIniFile
 0001:0001B070       IniFiles..THashedStringList
 0001:0001B194       IniFiles..TMemIniFile
 0001:0001B000       IniFiles..TStringHash
 0001:0001C9C0       IniFiles.Finalization
 0002:000002AC       IniFiles.IniFiles
 0001:0001B24C       IniFiles.TCustomIniFile.Create
 0001:0001B8F8       IniFiles.TCustomIniFile.ReadBinaryStream
 0001:0001B3B4       IniFiles.TCustomIniFile.ReadBool
 0001:0001B3E0       IniFiles.TCustomIniFile.ReadDate
 0001:0001B498       IniFiles.TCustomIniFile.ReadDateTime
 0001:0001B550       IniFiles.TCustomIniFile.ReadFloat
 0001:0001B288       IniFiles.TCustomIniFile.ReadInteger
 0001:0001BBE8       IniFiles.TCustomIniFile.ReadSections
 0001:0001B608       IniFiles.TCustomIniFile.ReadTime
 0001:0001B888       IniFiles.TCustomIniFile.ValueExists
 0001:0001BA74       IniFiles.TCustomIniFile.WriteBinaryStream
 0001:0001B86C       IniFiles.TCustomIniFile.WriteBool
 0001:0001B6C0       IniFiles.TCustomIniFile.WriteDate
 0001:0001B728       IniFiles.TCustomIniFile.WriteDateTime
 0001:0001B788       IniFiles.TCustomIniFile.WriteFloat
 0001:0001B358       IniFiles.TCustomIniFile.WriteInteger
 0001:0001B7EC       IniFiles.TCustomIniFile.WriteTime
 0001:0001BE68       IniFiles.THashedStringList.Changed
 0001:0001BE7C       IniFiles.THashedStringList.Destroy
 0001:0001BEB4       IniFiles.THashedStringList.IndexOf
 0001:0001BF24       IniFiles.THashedStringList.IndexOfName
 0001:0001BF94       IniFiles.THashedStringList.UpdateNameHash
 0001:0001C0BC       IniFiles.THashedStringList.UpdateValueHash
 0001:0001C218       IniFiles.TMemIniFile.AddSection
 0001:0001C288       IniFiles.TMemIniFile.Clear
 0001:0001C190       IniFiles.TMemIniFile.Create
 0001:0001C2C0       IniFiles.TMemIniFile.DeleteKey
 0001:0001C1DC       IniFiles.TMemIniFile.Destroy
 0001:0001C2FC       IniFiles.TMemIniFile.EraseSection
 0001:0001C32C       IniFiles.TMemIniFile.GetCaseSensitive
 0001:0001C334       IniFiles.TMemIniFile.GetStrings
 0001:0001C47C       IniFiles.TMemIniFile.LoadValues
 0001:0001C4F0       IniFiles.TMemIniFile.ReadSection
 0001:0001C5BC       IniFiles.TMemIniFile.ReadSections
 0001:0001C5CC       IniFiles.TMemIniFile.ReadSectionValues
 0001:0001C640       IniFiles.TMemIniFile.ReadString
 0001:0001C6E8       IniFiles.TMemIniFile.SetStrings
 0001:0001C8A4       IniFiles.TMemIniFile.UpdateFile
 0001:0001C900       IniFiles.TMemIniFile.WriteString
 0001:0001BC9C       IniFiles.TStringHash.Add
 0001:0001BCFC       IniFiles.TStringHash.Clear
 0001:0001BD4C       IniFiles.TStringHash.Create
 0001:0001BD9C       IniFiles.TStringHash.Destroy
 0001:0001BDC8       IniFiles.TStringHash.Find
 0001:0001BE10       IniFiles.TStringHash.HashOf
 0001:0001BE44       IniFiles.TStringHash.ValueOf
 0003:000010E0       IniFiles.Values
 0004:000049F4       IRCServer..3
 0001:0001741C       IRCServer..TUser
 0001:0001A43C       IRCServer.Finalization
 0002:0000029C       IRCServer.IRCServer
 0001:00017500       IRCServer.LogIn
 0001:0001A340       IRCServer.LogToOper
 0001:0001A098       IRCServer.MainProc
 0001:0001A418       IRCServer.StartIRCServer
 0003:00000F8C       IRCServer.ThreadID
 0001:00017BC8       IRCServer.TUser.Execute
 0001:00019F18       IRCServer.TUser.SendLn
 0004:000049F0       IRCServer.Users
 0001:00005B84       SysInit.@GetTls
 0001:00005BD0       SysInit.@InitExe
 0001:00005B2C       SysInit.AllocTlsBuffer
 0001:00005B0C       SysInit.GetModuleHandle
 0001:00005B38       SysInit.GetTlsSize
 0004:000027F0       SysInit.HInstance
 0001:00005BC4       SysInit.InitializeModule
 0001:00005B40       SysInit.InitThreadTLS
 0001:00005B14       SysInit.LocalAlloc
 0003:000007BC       SysInit.Module
 0004:000027ED       SysInit.ModuleIsCpp
 0004:000027EC       SysInit.ModuleIsLib
 0003:000007B8       SysInit.PtrToNil
 0004:000027F4       SysInit.tlsBuffer
 0001:00005B1C       SysInit.TlsGetValue
 0003:000007B4       SysInit.TlsIndex
 0005:0000000C       SysInit.TlsLast
 0001:00005B24       SysInit.TlsSetValue
 0004:000005B0       System..6
 0001:00000100       System..TInterfacedObject
 0001:0000000C       System..TObject
 0001:000022B4       System.@AbstractError
 0001:00003348       System.@AfterConstruction
 0001:00002334       System.@Append
 0001:00002598       System.@Assign
 0001:00002770       System.@AStrCmp
 0001:00003398       System.@BeforeDestruction
 0001:000026F8       System.@BlockRead
 0001:00003288       System.@CallDynaInst
 0001:000032F0       System.@ClassCreate
 0001:00003340       System.@ClassDestroy
 0001:00002718       System.@Close
 0001:000028C8       System.@CloseFile
 0001:00001FD0       System.@Copy
 0001:00004BC8       System.@CopyArray
 0001:00004AAC       System.@CopyRecord
 0001:00004CE4       System.@DispCallByIDError
 0001:00004CD4       System.@Dispose
 0001:000038BC       System.@DoneExcept
 0001:00004F14       System.@DynArrayAsg
 0001:00004ED8       System.@DynArrayClear
 0001:00004D18       System.@DynArrayHigh
 0001:00004D10       System.@DynArrayLength
 0001:00004ECC       System.@DynArraySetLength
 0001:0000398C       System.@ExceptionHandler
 0001:000027E0       System.@FileSize
 0001:0000282C       System.@FillChar
 0001:00004A88       System.@Finalize
 0001:0000499C       System.@FinalizeArray
 0001:00004950       System.@FinalizeRecord
 0001:00002654       System.@Flush
 0001:00003004       System.@FpuInit
 0001:00002F40       System.@FpuMaskInit
 0001:00001E28       System.@FreeMem
 0001:00001E0C       System.@GetMem
 0001:00003DC8       System.@Halt
 0001:00003CEC       System.@Halt0
 0001:000034AC       System.@HandleAnyException
 0001:00003760       System.@HandleFinally
 0001:00003808       System.@HandleFinallyInternal
 0001:000035D8       System.@HandleOnException
 0001:00004944       System.@Initialize
 0001:000048B0       System.@InitializeArray
 0001:00004880       System.@InitializeRecord
 0001:00003BA8       System.@InitImports
 0001:00003B80       System.@InitResStringImports
 0001:000055A8       System.@IntfClear
 0001:000055C0       System.@IntfCopy
 0001:00003010       System.@IntOver
 0001:00003234       System.@IsClass
 0001:00002F10       System.@isNECWindows
 0001:000042F0       System.@LStrAddRef
 0001:00003EB8       System.@LStrArrayClr
 0001:00003EE8       System.@LStrAsg
 0001:0000413C       System.@LStrCat
 0001:00004188       System.@LStrCat3
 0001:00004204       System.@LStrCatN
 0001:00003E94       System.@LStrClr
 0001:00004298       System.@LStrCmp
 0001:00004368       System.@LStrCopy
 0001:000043A8       System.@LStrDelete
 0001:00004104       System.@LStrFromArray
 0001:0000407C       System.@LStrFromChar
 0001:0000408C       System.@LStrFromPChar
 0001:00003F84       System.@LStrFromPCharLen
 0001:000040BC       System.@LStrFromPWChar
 0001:00003FF0       System.@LStrFromPWCharLen
 0001:000040F8       System.@LStrFromString
 0001:0000411C       System.@LStrFromWStr
 0001:00003F2C       System.@LStrLAsg
 0001:00004130       System.@LStrLen
 0001:00004534       System.@LStrSetLength
 0001:00004300       System.@LStrToPChar
 0001:00004CC0       System.@New
 0001:00003F58       System.@NewAnsiString
 0001:000045C8       System.@NewWideString
 0001:00002C24       System.@Pow10
 0001:00003868       System.@RaiseAgain
 0001:00003840       System.@RaiseExcept
 0001:00001E40       System.@ReallocMem
 0001:000029D0       System.@ResetFile
 0001:00002328       System.@RewritText
 0001:00003DD4       System.@RunError
 0001:00003B40       System.@StartExe
 0001:00000258       System.@strlen
 0001:00002290       System.@TRUNC
 0001:00004360       System.@UniqueStringA
 0001:000029EC       System.@ValLong
 0001:00004984       System.@VarClr
 0001:00004A94       System.@VarCopy
 0001:00004598       System.@Write0LString
 0001:00002B04       System.@WriteBytes
 0001:00002BD4       System.@WriteLn
 0001:000045A0       System.@WriteLString
 0001:00002B58       System.@WriteSpaces
 0001:00004608       System.@WStrArrayClr
 0001:0000462C       System.@WStrAsg
 0001:000045F0       System.@WStrClr
 0001:0000476C       System.@WStrCmp
 0001:000047F0       System.@WStrCopy
 0001:00004740       System.@WStrFromLStr
 0001:00004654       System.@WStrFromPCharLen
 0001:00004704       System.@WStrFromPWChar
 0001:000046E0       System.@WStrFromPWCharLen
 0001:00004760       System.@WStrLen
 0001:0000483C       System.@WStrSetLength
 0001:00004750       System.@WStrToPWChar
 0001:00001F68       System.@_IOTest
 0001:00004CEC       System.@_llmul
 0004:00000028       System.AbstractErrorProc
 0001:00001ED0       System.AcquireExceptionObject
 0001:00005448       System.AddModuleUnloadProc
 0001:00005438       System.AddModuleUnloadProc
 0001:000006C4       System.AllocateLargeBlock
 0001:00001DF4       System.AllocMem
 0001:00000604       System.AllocNewSequentialFeedMediumPool
 0004:000005B8       System.AllocSize2SmallBlockTypeIndX4
 0001:000059FC       System.AnsiToUtf8
 0001:00001398       System.AppendStringToBuffer
 0004:00000020       System.AssertErrorProc
 0001:00003E18       System.BeginThread
 0001:00000598       System.BinMediumSequentialFeedRemainder
 0001:00002668       System.BlockIO
 0001:00001BA4       System.BuildBlockTypeLookupTable
 0001:0000127C       System.CardinalToStrBuf
 0001:00003FB4       System.CharFromWChar
 0001:000001C0       System.CharNext
 0001:00001FA4       System.ChDir
 0001:00001FB8       System.ChDir
 0001:00003428       System.CheckJmp
 0001:000015E0       System.CheckSmallBlockPoolForLeaks
 0001:00000160       System.CloseHandle
 0004:0000003C       System.CmdLine
 0004:00000038       System.CmdShow
 0001:00004D20       System.CopyArray
 0003:00000044       System.Copyright
 0001:00000168       System.CreateFileA
 0001:000001C8       System.CreateThread
 0003:00000024       System.DebugHook
 0003:00000020       System.Default8087CW
 0004:000005B4       System.DefaultSystemCodePage
 0003:00000030       System.DefaultTextLineBreakStyle
 0001:00004F64       System.DelayLoadResourceModule
 0001:00000304       System.DestroyWindow
 0003:000007A4       System.dig
 0004:00000000       System.DispCallByIDProc
 0001:00004D38       System.DynArrayClear
 0001:00004D40       System.DynArraySetLength
 0001:00003E78       System.EndThread
 0003:0000077C       System.errCaption
 0001:00001F5C       System.Error
 0003:00000004       System.ErrorAddr
 0001:00001F10       System.ErrorAt
 0004:00000008       System.ErrorProc
 0004:000003E0       System.ErrOutput
 0001:00001EB0       System.ExceptAddr
 0004:0000000C       System.ExceptClsProc
 0004:0000001C       System.ExceptionClass
 0001:00001E90       System.ExceptObject
 0004:00000010       System.ExceptObjProc
 0004:00000004       System.ExceptProc
 0003:00000000       System.ExitCode
 0001:00003C30       System.ExitDll
 0004:00000040       System.ExitProc
 0001:000001D8       System.ExitProcess
 0004:00000024       System.ExitProcessProc
 0001:000001D0       System.ExitThread
 0004:000027B4       System.ExpectedMemoryLeaks
 0004:000027B8       System.ExpectedMemoryLeaksListLocked
 0003:00000008       System.FileMode
 0001:0000237C       System.FileNOPProc
 0001:00005AAC       System.Finalization
 0001:00004D30       System.FinalizeArray
 0001:00001DA0       System.FinalizeMemoryManager
 0001:00003A74       System.FinalizeUnits
 0001:00004FE4       System.FindBS
 0001:000001E8       System.FindClose
 0001:000001F0       System.FindFirstFile
 0001:00004F3C       System.FindHInstance
 0001:00004FAC       System.FindResourceHInstance
 0001:00002648       System.Flush
 0001:00002C1C       System.FPower10
 0001:00001D10       System.FreeAllMemory
 0001:00000728       System.FreeLargeBlock
 0001:000001F8       System.FreeLibrary
 0001:00005AA4       System.GetACP
 0001:000002C8       System.GetCmdShow
 0001:00000200       System.GetCommandLine
 0001:000002C0       System.GetCurrentThreadId
 0001:00003258       System.GetDynaMethod
 0001:00000178       System.GetFileSize
 0001:00000170       System.GetFileType
 0001:00001240       System.GetFirstAndLastSmallBlockInPool
 0001:00001200       System.GetFirstMediumBlockInPool
 0001:00002F08       System.GetKeyboardType
 0001:00000208       System.GetLastError
 0001:00000210       System.GetLocaleInfo
 0001:00000218       System.GetModuleFileName
 0001:00000220       System.GetModuleHandle
 0001:000014AC       System.GetObjectClass
 0001:00002134       System.GetParamStr
 0001:00000228       System.GetProcAddress
 0001:00000230       System.GetStartupInfo
 0001:00000180       System.GetStdHandle
 0001:00000238       System.GetThreadLocale
 0004:000027C0       System.InitContext
 0001:00001BE8       System.InitializeMemoryManager
 0001:00003AD8       System.InitUnits
 0001:00001F98       System.InOutError
 0005:00000004       System.InOutRes
 0004:00000048       System.Input
 0001:00000538       System.InsertMediumBlockIntoBin
 0001:000002B8       System.InterlockedDecrement
 0001:000002B0       System.InterlockedIncrement
 0001:000023BC       System.InternalClose
 0001:00002600       System.InternalFlush
 0001:0000142C       System.InternalIsValidClass
 0001:00004314       System.InternalUniqueString
 0001:0000312C       System.InvokeImplGetter
 0001:00002014       System.IOResult
 0004:00000044       System.IsConsole
 0004:00000034       System.IsLibrary
 0004:00000045       System.IsMultiThread
 0001:000013B0       System.IsValidVMTAddress
 0003:00000028       System.JITEnable
 0004:000027A4       System.LargeBlocksCircularList
 0004:000027A0       System.LargeBlocksLocked
 0004:00000714       System.LastSequentiallyFedMediumBlock
 0003:0000003C       System.LibModuleList
 0001:00000240       System.LoadLibraryEx
 0001:000051C8       System.LoadResourceModule
 0001:00005A4C       System.LoadResString
 0001:00000248       System.LoadString
 0001:0000036C       System.LockCmpxchg
 0001:000014D4       System.LockExpectedMemoryLeaksList
 0001:0000067C       System.LockLargeBlocks
 0001:00000250       System.lstrcpyn
 0004:0000002C       System.MainInstance
 0004:00000030       System.MainThreadID
 0001:00003BCC       System.MakeErrorMessage
 0001:000038EC       System.MapToRunError
 0004:00000720       System.MediumBlockBinBitmaps
 0004:0000071C       System.MediumBlockBinGroupBitmap
 0004:000007A0       System.MediumBlockBins
 0004:00000700       System.MediumBlockPoolsCircularList
 0004:00000710       System.MediumBlocksLocked
 0004:00000718       System.MediumSequentialFeedBytesLeft
 0003:00000728       System.MemoryManager
 0001:000001E0       System.MessageBox
 0004:000006FE       System.MinimumBlockAlignment
 0004:000027BC       System.MMSharingWindow
 0003:00000040       System.ModuleUnloadList
 0001:00002034       System.Move
 0001:00000374       System.Move12
 0001:00000388       System.Move20
 0001:000003A8       System.Move28
 0001:000003D4       System.Move36
 0001:000003F4       System.Move44
 0001:00000418       System.Move52
 0001:00000444       System.Move60
 0001:00000474       System.Move68
 0001:000004AC       System.MoveX16L4
 0001:000004DC       System.MoveX8L4
 0001:00000260       System.MultiByteToWideChar
 0004:000005AD       System.NeverSleepOnMMThreadContention
 0001:000011DC       System.NextMediumBlock
 0003:0000002C       System.NoErrMsg
 0001:00003414       System.NotifyAnyExcept
 0001:000033E8       System.NotifyExcept
 0001:00003448       System.NotifyExceptFinally
 0001:000054CC       System.NotifyModuleUnload
 0001:000033C4       System.NotifyNonDelphiException
 0001:00003400       System.NotifyOnExcept
 0001:000033A8       System.NotifyReRaise
 0001:00003470       System.NotifyTerminate
 0001:0000348C       System.NotifyUnhandled
 0001:000028F0       System.OpenFile
 0001:000022D0       System.OpenText
 0004:00000214       System.Output
 0001:00002230       System.ParamStr
 0001:000043F0       System.Pos
 0001:00000188       System.RaiseException
 0004:00000014       System.RaiseExceptionProc
 0005:00000000       System.RaiseListPtr
 0001:00000190       System.ReadFile
 0001:00002660       System.ReadFileX
 0001:000007CC       System.ReallocateLargeBlock
 0001:00000268       System.RegCloseKey
 0001:00005528       System.RegisterModule
 0001:00000270       System.RegOpenKeyEx
 0001:00000278       System.RegQueryValueEx
 0003:00000740       System.reMap
 0001:000004F8       System.RemoveMediumFreeBlock
 0001:00005468       System.RemoveModuleUnloadProc
 0001:00005440       System.RemoveModuleUnloadProc
 0004:000005AC       System.ReportMemoryLeaksOnShutdown
 0001:00000198       System.RtlUnwind
 0004:00000018       System.RTLUnwindProc
 0003:00000784       System.runErrMsg
 0001:00001F04       System.RunErrorAt
 0001:0000172C       System.ScanForMemoryLeaks
 0001:00000280       System.SetCurrentDirectory
 0001:000001A0       System.SetEndOfFile
 0001:00003A2C       System.SetExceptionHandler
 0001:000001A8       System.SetFilePointer
 0001:00001F88       System.SetInOutRes
 0003:0000075C       System.ShareTab
 0001:000002FC       System.Sleep
 0003:00000048       System.SmallBlockTypes
 0001:000011AC       System.SysAllocMem
 0001:00000298       System.SysAllocStringLen
 0001:00000C9C       System.SysFreeMem
 0001:000002A8       System.SysFreeString
 0001:00000918       System.SysGetMem
 0001:00000E94       System.SysReallocMem
 0001:000002A0       System.SysReAllocStringLen
 0001:00001548       System.SysRegisterExpectedMemoryLeak
 0002:00000000       System.System
 0003:00000038       System.SystemThreadEndProc
 0003:00000034       System.SystemThreadFuncProc
 0001:00001588       System.SysUnregisterExpectedMemoryLeak
 0004:00000046       System.Test8086
 0001:000023CC       System.TextClose
 0001:00002340       System.TextIn
 0001:000023EC       System.TextOpen
 0001:00002380       System.TextOut
 0001:00003DE0       System.ThreadWrapper
 0001:000055EC       System.TInterfacedObject.AfterConstruction
 0001:000055F8       System.TInterfacedObject.BeforeDestruction
 0001:00005608       System.TInterfacedObject.NewInstance
 0001:00005618       System.TInterfacedObject.QueryInterface
 0001:00005640       System.TInterfacedObject._AddRef
 0001:00005654       System.TInterfacedObject._Release
 0001:000032C0       System.TObject.AfterConstruction
 0001:000032C4       System.TObject.BeforeDestruction
 0001:00003020       System.TObject.ClassName
 0001:00003034       System.TObject.ClassParent
 0001:00003018       System.TObject.ClassType
 0001:0000310C       System.TObject.CleanupInstance
 0001:00003078       System.TObject.Create
 0001:000032BC       System.TObject.DefaultHandler
 0001:00003098       System.TObject.Destroy
 0001:000032C8       System.TObject.Dispatch
 0001:000030A8       System.TObject.Free
 0001:0000305C       System.TObject.FreeInstance
 0001:0000315C       System.TObject.GetInterface
 0001:000031F0       System.TObject.GetInterfaceEntry
 0001:000032A0       System.TObject.InheritsFrom
 0001:000030B4       System.TObject.InitInstance
 0001:00003070       System.TObject.InstanceSize
 0001:00003040       System.TObject.NewInstance
 0001:000032B4       System.TObject.SafeCallException
 0001:00005004       System.ToLongPath
 0001:00002AC0       System.TryOpenForOutput
 0001:000001B0       System.UnhandledExceptionFilter
 0001:0000567C       System.UnicodeToUtf8
 0001:00004358       System.UniqueString
 0001:00005538       System.UnregisterModule
 0001:00003A4C       System.UnsetExceptionHandler
 0001:00005944       System.UTF8Decode
 0001:00005888       System.UTF8Encode
 0001:00005758       System.Utf8ToUnicode
 0003:00000010       System.VarAddRefProc
 0003:0000000C       System.VarClearProc
 0003:00000014       System.VarCopyProc
 0003:00000018       System.VarToLStrProc
 0003:0000001C       System.VarToWStrProc
 0001:000002EC       System.VirtualAlloc
 0001:000002F4       System.VirtualFree
 0001:00000290       System.VirtualQuery
 0001:00003FD4       System.WCharFromChar
 0001:00000288       System.WideCharToMultiByte
 0001:00003C60       System.WriteErrorMessage
 0001:000001B8       System.WriteFile
 0001:000045C0       System.WStrError
 0001:000045E0       System.WStrSet
 0004:00002910       SysUtils..35
 0001:000069F0       SysUtils..EAbstractError
 0001:000067C8       SysUtils..EAccessViolation
 0001:00006990       SysUtils..EAssertionFailed
 0001:000068DC       SysUtils..EControlC
 0001:0000676C       SysUtils..EConvertError
 0001:000063F0       SysUtils..EDivByZero
 0001:000062E0       SysUtils..EExternal
 0001:00006338       SysUtils..EExternalException
 0001:000061D0       SysUtils..EHeapException
 0001:00006288       SysUtils..EInOutError
 0001:00006398       SysUtils..EIntError
 0001:00006A4C       SysUtils..EIntfCastError
 0001:000064A0       SysUtils..EIntOverflow
 0001:00006710       SysUtils..EInvalidCast
 0001:00006554       SysUtils..EInvalidOp
 0001:000066B4       SysUtils..EInvalidPointer
 0001:000064FC       SysUtils..EMathError
 0001:00006AA8       SysUtils..EOSError
 0001:0000622C       SysUtils..EOutOfMemory
 0001:00006604       SysUtils..EOverflow
 0001:00006828       SysUtils..EPrivilege
 0001:00006448       SysUtils..ERangeError
 0001:00006B00       SysUtils..ESafecallException
 0001:00006880       SysUtils..EStackOverflow
 0001:0000665C       SysUtils..EUnderflow
 0001:00006934       SysUtils..EVariantError
 0001:00006168       SysUtils..Exception
 0001:000065AC       SysUtils..EZeroDivide
 0001:00006C90       SysUtils..TMultiReadExclusiveWriteSynchronizer
 0001:00006BB4       SysUtils..TThreadLocalCounter
 0001:0000AB98       SysUtils.AbstractErrorHandler
 0003:00000854       SysUtils.AccessMode
 0001:00006FCC       SysUtils.AnsiCompareText
 0001:0000B3E4       SysUtils.AnsiPos
 0001:0000B41C       SysUtils.AnsiStrPos
 0001:0000B4BC       SysUtils.AnsiStrRScan
 0001:0000B4F0       SysUtils.AnsiStrScan
 0001:00006F94       SysUtils.AnsiUpperCase
 0001:00008A30       SysUtils.AppendChars
 0001:00008E14       SysUtils.AppendFormat
 0001:00008A90       SysUtils.AppendNumber
 0001:00008A74       SysUtils.AppendString
 0001:0000AB7C       SysUtils.AssertErrorHandler
 0001:00007728       SysUtils.BackfillGetDiskFreeSpaceEx
 0001:00007410       SysUtils.BoolToStr
 0001:0000B160       SysUtils.ByteToCharIndex
 0001:0000B13C       SysUtils.ByteToCharLen
 0001:0000B100       SysUtils.ByteType
 0001:0000B08C       SysUtils.ByteTypeTest
 0001:0000B374       SysUtils.CharLength
 0001:0000B258       SysUtils.CharToByteIndex
 0001:0000B2DC       SysUtils.CharToByteLen
 0001:0000C0E4       SysUtils.ClearHashTables
 0001:00006E6C       SysUtils.CompareStr
 0001:00006ED4       SysUtils.CompareText
 0001:000072F0       SysUtils.CompareWith
 0001:0000A5DC       SysUtils.ConvertAddr
 0001:00008B80       SysUtils.ConvertEraString
 0001:00006D20       SysUtils.ConvertError
 0001:00006D38       SysUtils.ConvertErrorFmt
 0001:00008CFC       SysUtils.ConvertYearString
 0001:0000B1C8       SysUtils.CountChars
 0001:0000AAC0       SysUtils.CreateAssertException
 0001:0000AC48       SysUtils.CreateAVObject
 0001:0000A9F0       SysUtils.CreateInOutError
 0003:0000084C       SysUtils.cSimpleBoolStrs
 0004:00002808       SysUtils.CurrencyDecimals
 0004:00002804       SysUtils.CurrencyFormat
 0004:00002800       SysUtils.CurrencyString
 0001:00008A1C       SysUtils.CurrentYear
 0001:000084B4       SysUtils.CurrToStr
 0001:00007064       SysUtils.CvtInt
 0001:000070D0       SysUtils.CvtInt64
 0003:0000088C       SysUtils.CWNear
 0004:00002809       SysUtils.DateSeparator
 0001:000095CC       SysUtils.DateTimeToString
 0001:000085B0       SysUtils.DateTimeToTimeStamp
 0001:000089A4       SysUtils.DayOfWeek
 0003:00000888       SysUtils.DCon10
 0004:00002807       SysUtils.DecimalSeparator
 0001:00008984       SysUtils.DecodeDate
 0001:00008838       SysUtils.DecodeDateFully
 0001:000086A4       SysUtils.DecodeTime
 0003:00000918       SysUtils.DefLongDayNames
 0003:000008CC       SysUtils.DefLongMonthNames
 0003:000008FC       SysUtils.DefShortDayNames
 0003:0000089C       SysUtils.DefShortMonthNames
 0001:00006D04       SysUtils.DivMod
 0001:0000AF70       SysUtils.DoneExceptions
 0001:0000A9C4       SysUtils.EHeapException.FreeInstance
 0003:000007D4       SysUtils.EmptyStr
 0003:000007D8       SysUtils.EmptyWideStr
 0001:00008808       SysUtils.EncodeDate
 0001:00008664       SysUtils.EncodeTime
 0001:0000A248       SysUtils.EnumEraNames
 0001:0000A284       SysUtils.EnumEraYearOffsets
 0004:000028D0       SysUtils.EraNames
 0001:000098DC       SysUtils.EraToYear
 0004:000028EC       SysUtils.EraYearOffsets
 0001:0000AA70       SysUtils.ErrorHandler
 0003:00000934       SysUtils.ErrorMap
 0001:0000AEDC       SysUtils.ExceptHandler
 0001:0000A838       SysUtils.Exception.Create
 0001:0000A874       SysUtils.Exception.CreateFmt
 0001:0000A8F4       SysUtils.Exception.CreateRes
 0001:0000A930       SysUtils.Exception.CreateResFmt
 0001:0000A5E8       SysUtils.ExceptionErrorMessage
 0003:0000096C       SysUtils.ExceptMap
 0001:0000755C       SysUtils.ExistsLockedOrShared
 0001:000076EC       SysUtils.ExpandFileName
 0001:000076A4       SysUtils.ExtractFileExt
 0001:0000766C       SysUtils.ExtractFileName
 0001:00007638       SysUtils.ExtractFilePath
 0004:0000290C       SysUtils.FalseBoolStrs
 0003:0000087C       SysUtils.FCon1E18
 0001:0000759C       SysUtils.FileExists
 0001:0000745C       SysUtils.FileOpen
 0001:000074B4       SysUtils.FileRead
 0001:0000750C       SysUtils.FileSeek
 0001:000074E0       SysUtils.FileWrite
 0001:0000C3E4       SysUtils.Finalization
 0004:00004904       SysUtils.FLanguages
 0001:00008144       SysUtils.FloatToDecimal
 0001:00008484       SysUtils.FloatToStr
 0001:00007E70       SysUtils.FloatToText
 0003:00000890       SysUtils.FMSecsPerDay
 0001:00007D50       SysUtils.FmtStr
 0003:00000898       SysUtils.Format
 0001:00007D3C       SysUtils.Format
 0001:00007984       SysUtils.FormatBuf
 0001:00007978       SysUtils.FormatClearStr
 0001:000078FC       SysUtils.FormatError
 0003:00000874       SysUtils.FormatErrorStrs
 0001:00007954       SysUtils.FormatVarToStr
 0001:0000C0D4       SysUtils.FreeAndNil
 0001:0000BC18       SysUtils.FreeTerminateProcs
 0001:00008ADC       SysUtils.GetCount
 0001:00008B08       SysUtils.GetDate
 0001:000097F4       SysUtils.GetDateOrder
 0003:00000848       SysUtils.GetDiskFreeSpaceEx
 0001:0000A2FC       SysUtils.GetEraNamesAndYearOffsets
 0001:00009888       SysUtils.GetEraYearOffset
 0001:0000AC30       SysUtils.GetExceptionClass
 0001:0000AE14       SysUtils.GetExceptionObject
 0001:0000B650       SysUtils.GetFormatSettings
 0001:0000A0BC       SysUtils.GetLocaleChar
 0001:0000A070       SysUtils.GetLocaleStr
 0001:0000A124       SysUtils.GetMonthDayNames
 0001:00008B40       SysUtils.GetTime
 0001:0000BA1C       SysUtils.HashName
 0003:00000844       SysUtils.HexDisplayPrefix
 0003:00000894       SysUtils.IMSecsPerDay
 0001:0000BC3C       SysUtils.InitDriveSpacePtr
 0001:0000AEEC       SysUtils.InitExceptions
 0001:0000B530       SysUtils.InitLeadBytes
 0001:0000B01C       SysUtils.InitPlatformId
 0001:0000B58C       SysUtils.InitSysLocale
 0001:0000BCA4       SysUtils.InterlockedDecrement
 0001:0000BCB0       SysUtils.InterlockedExchange
 0001:0000BCB8       SysUtils.InterlockedExchangeAdd
 0001:0000BC98       SysUtils.InterlockedIncrement
 0001:000071C4       SysUtils.IntToHex
 0001:0000719C       SysUtils.IntToStr
 0001:000070B0       SysUtils.IntToStr
 0004:00002918       SysUtils.InvalidPointer
 0001:00008700       SysUtils.IsLeapYear
 0001:000075E4       SysUtils.LastDelimiter
 0003:00000824       SysUtils.LeadBytes
 0004:000028CE       SysUtils.ListSeparator
 0001:0000A0E8       SysUtils.LocalGetLocaleStr
 0004:00002810       SysUtils.LongDateFormat
 0004:000028A4       SysUtils.LongDayNames
 0004:00002858       SysUtils.LongMonthNames
 0004:00002824       SysUtils.LongTimeFormat
 0001:00006DE4       SysUtils.LowerCase
 0001:0000ABB0       SysUtils.MapException
 0001:0000BA44       SysUtils.ModuleUnloaded
 0003:000007F4       SysUtils.MonthDays
 0004:00002805       SysUtils.NegCurrFormat
 0001:0000B3AC       SysUtils.NextCharIndex
 0001:000089CC       SysUtils.Now
 0004:00002914       SysUtils.OutOfMemory
 0001:00007E2C       SysUtils.PutExponent
 0001:0000AB6C       SysUtils.RaiseAssertException
 0001:0000BB70       SysUtils.RaiseLastOSError
 0001:0000BB64       SysUtils.RaiseLastOSError
 0001:00006F70       SysUtils.SameText
 0001:00009628       SysUtils.ScanBlanks
 0001:000097B8       SysUtils.ScanChar
 0001:00009938       SysUtils.ScanDate
 0001:0000964C       SysUtils.ScanNumber
 0001:000096E0       SysUtils.ScanString
 0001:00009C84       SysUtils.ScanTime
 0001:00009840       SysUtils.ScanToNumber
 0003:00000860       SysUtils.ShareMode
 0004:0000280C       SysUtils.ShortDateFormat
 0004:00002888       SysUtils.ShortDayNames
 0004:00002828       SysUtils.ShortMonthNames
 0004:00002820       SysUtils.ShortTimeFormat
 0001:0000A770       SysUtils.ShowException
 0001:0000BB5C       SysUtils.Sleep
 0001:000078BC       SysUtils.StrAlloc
 0001:0000B124       SysUtils.StrByteType
 0001:0000B34C       SysUtils.StrCharLength
 0001:000077DC       SysUtils.StrLCopy
 0001:0000779C       SysUtils.StrLen
 0001:00007CFC       SysUtils.StrLFmt
 0001:00007810       SysUtils.StrLIComp
 0001:000077CC       SysUtils.StrMove
 0001:000078D0       SysUtils.StrNew
 0001:0000B36C       SysUtils.StrNextChar
 0001:00007868       SysUtils.StrPos
 0001:00007854       SysUtils.StrScan
 0001:00009E7C       SysUtils.StrToDate
 0001:00009F54       SysUtils.StrToDateTime
 0001:000084E4       SysUtils.StrToFloat
 0001:000071EC       SysUtils.StrToInt
 0001:00007228       SysUtils.StrToIntDef
 0001:00009EE8       SysUtils.StrToTime
 0001:0000A024       SysUtils.SysErrorMessage
 0004:000028C0       SysUtils.SysLocale
 0002:000000AC       SysUtils.SysUtils
 0003:00000A1C       SysUtils.TerminateProcList
 0001:00008370       SysUtils.TextToFloat
 0004:00002806       SysUtils.ThousandSeparator
 0004:00002818       SysUtils.TimeAMString
 0004:0000281C       SysUtils.TimePMString
 0004:00002814       SysUtils.TimeSeparator
 0001:0000BFFC       SysUtils.TMultiReadExclusiveWriteSynchronizer.BeginRead
 0001:0000BF00       SysUtils.TMultiReadExclusiveWriteSynchronizer.BeginWrite
 0001:0000BEBC       SysUtils.TMultiReadExclusiveWriteSynchronizer.BlockReaders
 0001:0000BE00       SysUtils.TMultiReadExclusiveWriteSynchronizer.Create
 0001:0000BE74       SysUtils.TMultiReadExclusiveWriteSynchronizer.Destroy
 0001:0000C06C       SysUtils.TMultiReadExclusiveWriteSynchronizer.EndRead
 0001:0000BFAC       SysUtils.TMultiReadExclusiveWriteSynchronizer.EndWrite
 0001:0000BED4       SysUtils.TMultiReadExclusiveWriteSynchronizer.UnblockOneWriter
 0001:0000BEC8       SysUtils.TMultiReadExclusiveWriteSynchronizer.UnblockReaders
 0001:0000BEE0       SysUtils.TMultiReadExclusiveWriteSynchronizer.WaitForReadSignal
 0001:0000BEF0       SysUtils.TMultiReadExclusiveWriteSynchronizer.WaitForWriteSignal
 0001:0000A3AC       SysUtils.TranslateDateFormat
 0001:00007010       SysUtils.Trim
 0004:00002908       SysUtils.TrueBoolStrs
 0001:0000873C       SysUtils.TryEncodeDate
 0001:000085F4       SysUtils.TryEncodeTime
 0001:00007374       SysUtils.TryStrToBool
 0001:00008594       SysUtils.TryStrToCurr
 0001:00009EB0       SysUtils.TryStrToDate
 0001:00009F88       SysUtils.TryStrToDateTime
 0001:00008520       SysUtils.TryStrToFloat
 0001:0000853C       SysUtils.TryStrToFloat
 0001:00008568       SysUtils.TryStrToFloat
 0001:00007240       SysUtils.TryStrToInt
 0001:00009F1C       SysUtils.TryStrToTime
 0001:0000BDAC       SysUtils.TThreadLocalCounter.Delete
 0001:0000BCC0       SysUtils.TThreadLocalCounter.Destroy
 0001:0000BD18       SysUtils.TThreadLocalCounter.HashIndex
 0001:0000BD34       SysUtils.TThreadLocalCounter.Open
 0001:0000BDBC       SysUtils.TThreadLocalCounter.Recycle
 0003:000007F0       SysUtils.TwoDigitYearCenturyWindow
 0004:00003910       SysUtils.UnitHashBuckets
 0001:00006D5C       SysUtils.UpperCase
 0004:0000291C       SysUtils.ValidatedUnitHashBuckets
 0001:00007260       SysUtils.VerifyBoolStrArray
 0003:000007E8       SysUtils.Win32BuildNumber
 0001:0000BC08       SysUtils.Win32Check
 0003:000007EC       SysUtils.Win32CSDVersion
 0003:000007E0       SysUtils.Win32MajorVersion
 0003:000007E4       SysUtils.Win32MinorVersion
 0003:000007DC       SysUtils.Win32Platform
 0004:000049A4       TypInfo..6
 0003:00000AA0       TypInfo.BooleanIdents
 0003:00000AA8       TypInfo.DotSep
 0001:0000F56C       TypInfo.Finalization
 0002:000001F0       TypInfo.TypInfo
 0004:00004984       Variants..81
 0001:0000D140       Variants..EVariantArrayCreateError
 0001:0000D0D8       Variants..EVariantArrayLockedError
 0001:0000D074       Variants..EVariantBadIndexError
 0001:0000D010       Variants..EVariantBadVarTypeError
 0001:0000D2D8       Variants..EVariantDispatchError
 0001:0000CFAC       Variants..EVariantInvalidArgError
 0001:0000CE80       Variants..EVariantInvalidOpError
 0001:0000D1A8       Variants..EVariantNotImplError
 0001:0000D20C       Variants..EVariantOutOfMemoryError
 0001:0000CF48       Variants..EVariantOverflowError
 0001:0000CEE4       Variants..EVariantTypeCastError
 0001:0000D274       Variants..EVariantUnexpectedError
 0001:0000CDB4       Variants..TCustomVariantType
 0001:0000D804       Variants.@DispInvokeError
 0001:0000EDAC       Variants.@VarAddRef
 0001:0000DADC       Variants.@VarClear
 0001:0000DAF0       Variants.@VarClr
 0001:0000DE04       Variants.@VarCopy
 0001:0000E138       Variants.@VarToLStr
 0001:0000E858       Variants.@VarToWStr
 0003:00000A30       Variants.BooleanToStringRule
 0001:0000DEB8       Variants.BoolToWStrViaOS
 0004:0000497C       Variants.ChangeAnyProc
 0003:00000A34       Variants.CInvalidCustomVariantType
 0004:00004978       Variants.ClearAnyProc
 0001:0000F0E8       Variants.ClearVariantTypeList
 0003:00000A8C       Variants.CRelationshipToBoolean
 0003:00000A38       Variants.CText
 0001:0000DE48       Variants.CurrToWStrViaOS
 0001:0000DE80       Variants.DateToWStrViaOS
 0004:00004964       Variants.EmptyParam
 0001:0000F448       Variants.Finalization
 0001:0000F38C       Variants.FindCustomVariantType
 0001:0000D858       Variants.InBounds
 0001:0000DAF8       Variants.InBounds
 0001:0000D888       Variants.Increment
 0001:0000DB28       Variants.Increment
 0004:00004988       Variants.LVarTypes
 0004:0000498C       Variants.LVarTypeSync
 0003:00000A2C       Variants.NullAsStringValue
 0003:00000A28       Variants.NullStrictConvert
 0004:00004980       Variants.RefAnyProc
 0001:0000F0B8       Variants.SetClearVarToEmptyParam
 0001:0000F0A0       Variants.SetVarAsError
 0001:0000F154       Variants.TCustomVariantType.BinaryOp
 0001:0000F160       Variants.TCustomVariantType.Cast
 0001:0000F198       Variants.TCustomVariantType.CastTo
 0001:0000F224       Variants.TCustomVariantType.CastToOle
 0001:0000F1E0       Variants.TCustomVariantType.Compare
 0001:0000F1EC       Variants.TCustomVariantType.CompareOp
 0001:0000F260       Variants.TCustomVariantType.Destroy
 0001:0000F340       Variants.TCustomVariantType.DispInvoke
 0001:0000F2EC       Variants.TCustomVariantType.IsClear
 0001:0000F2F0       Variants.TCustomVariantType.LeftPromotion
 0001:0000F304       Variants.TCustomVariantType.OlePromotion
 0001:0000F364       Variants.TCustomVariantType.QueryInterface
 0001:0000F30C       Variants.TCustomVariantType.RaiseCastError
 0001:0000F31C       Variants.TCustomVariantType.RaiseDispError
 0001:0000F314       Variants.TCustomVariantType.RaiseInvalidOp
 0001:0000F324       Variants.TCustomVariantType.RightPromotion
 0001:0000F338       Variants.TCustomVariantType.UnaryOp
 0001:0000F34C       Variants.TCustomVariantType._AddRef
 0001:0000F358       Variants.TCustomVariantType._Release
 0001:0000D570       Variants.TranslateResult
 0001:0000D8E4       Variants.VarArrayClear
 0001:0000DB84       Variants.VarArrayCopyForEach
 0001:0000D51C       Variants.VarArrayCreateError
 0001:0000D390       Variants.VarCastError
 0001:0000D33C       Variants.VarCastError
 0001:0000DA60       Variants.VarClearDeep
 0001:0000DD50       Variants.VarCopyCopyProc
 0001:0000DD58       Variants.VarCopyDeep
 0004:00004974       Variants.VarDispProc
 0002:00000144       Variants.Variants
 0001:0000D42C       Variants.VarInvalidOp
 0001:0000D480       Variants.VarOverflowError
 0001:0000D7C4       Variants.VarResultCheck
 0001:0000D7D0       Variants.VarResultCheck
 0001:0000E04C       Variants.VarToLStrAny
 0001:0000E0B0       Variants.VarToLStrCustom
 0001:0000DF80       Variants.VarToLStrViaOS
 0001:0000E72C       Variants.VarToWStrAny
 0001:0000E790       Variants.VarToWStrCustom
 0001:0000E674       Variants.VarToWStrViaOS
 0001:0000EF30       Variants.VarTypeAsText
 0004:00004960       VarUtils..5
 0001:0000C804       VarUtils.BackupVarBoolFromStr
 0001:0000C968       VarUtils.BackupVarBStrFromBool
 0001:0000C884       VarUtils.BackupVarBStrFromCy
 0001:0000C8F4       VarUtils.BackupVarBStrFromDate
 0001:0000C798       VarUtils.BackupVarCyFromStr
 0001:0000C72C       VarUtils.BackupVarDateFromStr
 0001:0000C5E8       VarUtils.BackupVarI4FromStr
 0001:0000C594       VarUtils.BackupVariantChangeTypeEx
 0001:0000C654       VarUtils.BackupVarR4FromStr
 0001:0000C6C0       VarUtils.BackupVarR8FromStr
 0001:0000C5D0       VarUtils.BiUnimplemented
 0001:0000C5DC       VarUtils.CmpUnimplemented
 0003:00000A20       VarUtils.CResult
 0001:0000CD34       VarUtils.Finalization
 0001:0000C9FC       VarUtils.FindProc
 0001:0000CA28       VarUtils.InitializeVarUtils
 0001:0000C9DC       VarUtils.SafeArrayCreate
 0001:0000C9E4       VarUtils.SafeArrayGetLBound
 0001:0000C9EC       VarUtils.SafeArrayGetUBound
 0001:0000C9F4       VarUtils.SafeArrayPtrOfIndex
 0001:0000C5C4       VarUtils.UniUnimplemented
 0004:00004914       VarUtils.VarAdd
 0004:0000492C       VarUtils.VarAnd
 0004:00004950       VarUtils.VarBoolFromStr
 0004:0000495C       VarUtils.VarBstrFromBool
 0004:00004954       VarUtils.VarBstrFromCy
 0004:00004958       VarUtils.VarBstrFromDate
 0004:00004938       VarUtils.VarCmp
 0004:0000494C       VarUtils.VarCyFromStr
 0004:00004948       VarUtils.VarDateFromStr
 0004:00004920       VarUtils.VarDiv
 0004:0000493C       VarUtils.VarI4FromStr
 0001:0000C58C       VarUtils.VariantChangeType
 0004:00004908       VarUtils.VariantChangeTypeEx
 0001:0000C57C       VarUtils.VariantClear
 0001:0000C584       VarUtils.VariantCopy
 0001:0000C574       VarUtils.VariantInit
 0004:00004924       VarUtils.VarIDiv
 0004:00004928       VarUtils.VarMod
 0004:0000491C       VarUtils.VarMul
 0004:0000490C       VarUtils.VarNeg
 0004:00004910       VarUtils.VarNot
 0004:00004930       VarUtils.VarOr
 0004:00004940       VarUtils.VarR4FromStr
 0004:00004944       VarUtils.VarR8FromStr
 0004:00004918       VarUtils.VarSub
 0002:00000134       VarUtils.VarUtils
 0004:00004934       VarUtils.VarXor
 0004:000027F8       Windows..3
 0001:00005D6C       Windows.CharNext
 0001:00005D74       Windows.CharToOemA
 0001:00005D7C       Windows.CharUpperBuff
 0001:00005C14       Windows.CloseHandle
 0001:00005C1C       Windows.CompareString
 0001:00005C24       Windows.CreateEvent
 0001:00005C2C       Windows.CreateFile
 0001:00005C34       Windows.CreateThread
 0001:00005C3C       Windows.DeleteCriticalSection
 0001:00005C44       Windows.EnterCriticalSection
 0001:00005C4C       Windows.EnumCalendarInfoA
 0001:00005DAC       Windows.Finalization
 0001:00005C54       Windows.FindClose
 0001:00005C5C       Windows.FindFirstFile
 0001:00005C64       Windows.FormatMessage
 0001:00005C6C       Windows.FreeLibrary
 0001:00005C8C       Windows.GetCPInfo
 0001:00005C94       Windows.GetCurrentThreadId
 0001:00005C9C       Windows.GetDateFormat
 0001:00005CA4       Windows.GetDiskFreeSpaceA
 0001:00005CAC       Windows.GetExitCodeThread
 0001:00005CB4       Windows.GetFileAttributes
 0001:00005CBC       Windows.GetFullPathName
 0001:00005CC4       Windows.GetLastError
 0001:00005CD4       Windows.GetLocaleInfo
 0001:00005CCC       Windows.GetLocalTime
 0001:00005CDC       Windows.GetModuleFileName
 0001:00005CE4       Windows.GetModuleHandle
 0001:00005CEC       Windows.GetProcAddress
 0001:00005CF4       Windows.GetStdHandle
 0001:00005D84       Windows.GetSystemMetrics
 0001:00005CFC       Windows.GetThreadLocale
 0001:00005D04       Windows.GetVersionEx
 0004:000027FC       Windows.HtmlHelpModule
 0001:00005D0C       Windows.InitializeCriticalSection
 0001:00005C74       Windows.InterlockedDecrement
 0001:00005C7C       Windows.InterlockedExchange
 0001:00005C84       Windows.InterlockedIncrement
 0001:00005D14       Windows.LeaveCriticalSection
 0001:00005D8C       Windows.LoadString
 0001:00005D94       Windows.MessageBox
 0001:00005D9C       Windows.MsgWaitForMultipleObjects
 0001:00005DA4       Windows.PeekMessage
 0001:00005D1C       Windows.ReadFile
 0001:00005D24       Windows.ResetEvent
 0001:00005D2C       Windows.ResumeThread
 0001:00005D34       Windows.SetEndOfFile
 0001:00005D3C       Windows.SetEvent
 0001:00005D44       Windows.SetFilePointer
 0001:00005D4C       Windows.Sleep
 0001:00005D54       Windows.VirtualQuery
 0001:00005D5C       Windows.WaitForSingleObject
 0002:00000098       Windows.Windows
 0001:00005D64       Windows.WriteFile
 0001:00005DF0       WinSock.accept
 0001:00005DF8       WinSock.bind
 0001:00005E00       WinSock.closesocket
 0001:00005E08       WinSock.htons
 0001:00005E10       WinSock.inet_addr
 0001:00005E18       WinSock.inet_ntoa
 0001:00005E20       WinSock.ioctlsocket
 0001:00005E28       WinSock.listen
 0001:00005E30       WinSock.recv
 0001:00005E38       WinSock.select
 0001:00005E40       WinSock.send
 0001:00005E48       WinSock.socket
 0001:00005E50       WinSock.WSAGetLastError
 0001:00005E58       WinSock.WSAStartup
 0004:00004BA8       WNServer..
 0004:00004BB0       WNServer..
 0001:0001CA08       WNServer.Finalization
 0002:000002B4       WNServer.WNServer
 0004:00004A18       WNServer.WSA
 0004:000049EC       WormNATServer..3
 0001:000168F0       WormNATServer..TLink
 0001:000173DC       WormNATServer.Finalization
 0004:000049E8       WormNATServer.Links
 0001:0001705C       WormNATServer.MainProc
 0001:00016FD0       WormNATServer.PrepareLink
 0001:000173B8       WormNATServer.StartWormNATServer
 0003:00000F88       WormNATServer.ThreadID
 0001:000169C4       WormNATServer.TLink.Execute
 0002:00000294       WormNATServer.WormNATServer


  Address             Publics by Value

 0001:0000000C       System..TObject
 0001:00000100       System..TInterfacedObject
 0001:00000160       System.CloseHandle
 0001:00000168       System.CreateFileA
 0001:00000170       System.GetFileType
 0001:00000178       System.GetFileSize
 0001:00000180       System.GetStdHandle
 0001:00000188       System.RaiseException
 0001:00000190       System.ReadFile
 0001:00000198       System.RtlUnwind
 0001:000001A0       System.SetEndOfFile
 0001:000001A8       System.SetFilePointer
 0001:000001B0       System.UnhandledExceptionFilter
 0001:000001B8       System.WriteFile
 0001:000001C0       System.CharNext
 0001:000001C8       System.CreateThread
 0001:000001D0       System.ExitThread
 0001:000001D8       System.ExitProcess
 0001:000001E0       System.MessageBox
 0001:000001E8       System.FindClose
 0001:000001F0       System.FindFirstFile
 0001:000001F8       System.FreeLibrary
 0001:00000200       System.GetCommandLine
 0001:00000208       System.GetLastError
 0001:00000210       System.GetLocaleInfo
 0001:00000218       System.GetModuleFileName
 0001:00000220       System.GetModuleHandle
 0001:00000228       System.GetProcAddress
 0001:00000230       System.GetStartupInfo
 0001:00000238       System.GetThreadLocale
 0001:00000240       System.LoadLibraryEx
 0001:00000248       System.LoadString
 0001:00000250       System.lstrcpyn
 0001:00000258       System.@strlen
 0001:00000260       System.MultiByteToWideChar
 0001:00000268       System.RegCloseKey
 0001:00000270       System.RegOpenKeyEx
 0001:00000278       System.RegQueryValueEx
 0001:00000280       System.SetCurrentDirectory
 0001:00000288       System.WideCharToMultiByte
 0001:00000290       System.VirtualQuery
 0001:00000298       System.SysAllocStringLen
 0001:000002A0       System.SysReAllocStringLen
 0001:000002A8       System.SysFreeString
 0001:000002B0       System.InterlockedIncrement
 0001:000002B8       System.InterlockedDecrement
 0001:000002C0       System.GetCurrentThreadId
 0001:000002C8       System.GetCmdShow
 0001:000002EC       System.VirtualAlloc
 0001:000002F4       System.VirtualFree
 0001:000002FC       System.Sleep
 0001:00000304       System.DestroyWindow
 0001:0000036C       System.LockCmpxchg
 0001:00000374       System.Move12
 0001:00000388       System.Move20
 0001:000003A8       System.Move28
 0001:000003D4       System.Move36
 0001:000003F4       System.Move44
 0001:00000418       System.Move52
 0001:00000444       System.Move60
 0001:00000474       System.Move68
 0001:000004AC       System.MoveX16L4
 0001:000004DC       System.MoveX8L4
 0001:000004F8       System.RemoveMediumFreeBlock
 0001:00000538       System.InsertMediumBlockIntoBin
 0001:00000598       System.BinMediumSequentialFeedRemainder
 0001:00000604       System.AllocNewSequentialFeedMediumPool
 0001:0000067C       System.LockLargeBlocks
 0001:000006C4       System.AllocateLargeBlock
 0001:00000728       System.FreeLargeBlock
 0001:000007CC       System.ReallocateLargeBlock
 0001:00000918       System.SysGetMem
 0001:00000C9C       System.SysFreeMem
 0001:00000E94       System.SysReallocMem
 0001:000011AC       System.SysAllocMem
 0001:000011DC       System.NextMediumBlock
 0001:00001200       System.GetFirstMediumBlockInPool
 0001:00001240       System.GetFirstAndLastSmallBlockInPool
 0001:0000127C       System.CardinalToStrBuf
 0001:00001398       System.AppendStringToBuffer
 0001:000013B0       System.IsValidVMTAddress
 0001:0000142C       System.InternalIsValidClass
 0001:000014AC       System.GetObjectClass
 0001:000014D4       System.LockExpectedMemoryLeaksList
 0001:00001548       System.SysRegisterExpectedMemoryLeak
 0001:00001588       System.SysUnregisterExpectedMemoryLeak
 0001:000015E0       System.CheckSmallBlockPoolForLeaks
 0001:0000172C       System.ScanForMemoryLeaks
 0001:00001BA4       System.BuildBlockTypeLookupTable
 0001:00001BE8       System.InitializeMemoryManager
 0001:00001D10       System.FreeAllMemory
 0001:00001DA0       System.FinalizeMemoryManager
 0001:00001DF4       System.AllocMem
 0001:00001E0C       System.@GetMem
 0001:00001E28       System.@FreeMem
 0001:00001E40       System.@ReallocMem
 0001:00001E90       System.ExceptObject
 0001:00001EB0       System.ExceptAddr
 0001:00001ED0       System.AcquireExceptionObject
 0001:00001F04       System.RunErrorAt
 0001:00001F10       System.ErrorAt
 0001:00001F5C       System.Error
 0001:00001F68       System.@_IOTest
 0001:00001F88       System.SetInOutRes
 0001:00001F98       System.InOutError
 0001:00001FA4       System.ChDir
 0001:00001FB8       System.ChDir
 0001:00001FD0       System.@Copy
 0001:00002014       System.IOResult
 0001:00002034       System.Move
 0001:00002134       System.GetParamStr
 0001:00002230       System.ParamStr
 0001:00002290       System.@TRUNC
 0001:000022B4       System.@AbstractError
 0001:000022D0       System.OpenText
 0001:00002328       System.@RewritText
 0001:00002334       System.@Append
 0001:00002340       System.TextIn
 0001:0000237C       System.FileNOPProc
 0001:00002380       System.TextOut
 0001:000023BC       System.InternalClose
 0001:000023CC       System.TextClose
 0001:000023EC       System.TextOpen
 0001:00002598       System.@Assign
 0001:00002600       System.InternalFlush
 0001:00002648       System.Flush
 0001:00002654       System.@Flush
 0001:00002660       System.ReadFileX
 0001:00002668       System.BlockIO
 0001:000026F8       System.@BlockRead
 0001:00002718       System.@Close
 0001:00002770       System.@AStrCmp
 0001:000027E0       System.@FileSize
 0001:0000282C       System.@FillChar
 0001:000028C8       System.@CloseFile
 0001:000028F0       System.OpenFile
 0001:000029D0       System.@ResetFile
 0001:000029EC       System.@ValLong
 0001:00002AC0       System.TryOpenForOutput
 0001:00002B04       System.@WriteBytes
 0001:00002B58       System.@WriteSpaces
 0001:00002BD4       System.@WriteLn
 0001:00002C1C       System.FPower10
 0001:00002C24       System.@Pow10
 0001:00002F08       System.GetKeyboardType
 0001:00002F10       System.@isNECWindows
 0001:00002F40       System.@FpuMaskInit
 0001:00003004       System.@FpuInit
 0001:00003010       System.@IntOver
 0001:00003018       System.TObject.ClassType
 0001:00003020       System.TObject.ClassName
 0001:00003034       System.TObject.ClassParent
 0001:00003040       System.TObject.NewInstance
 0001:0000305C       System.TObject.FreeInstance
 0001:00003070       System.TObject.InstanceSize
 0001:00003078       System.TObject.Create
 0001:00003098       System.TObject.Destroy
 0001:000030A8       System.TObject.Free
 0001:000030B4       System.TObject.InitInstance
 0001:0000310C       System.TObject.CleanupInstance
 0001:0000312C       System.InvokeImplGetter
 0001:0000315C       System.TObject.GetInterface
 0001:000031F0       System.TObject.GetInterfaceEntry
 0001:00003234       System.@IsClass
 0001:00003258       System.GetDynaMethod
 0001:00003288       System.@CallDynaInst
 0001:000032A0       System.TObject.InheritsFrom
 0001:000032B4       System.TObject.SafeCallException
 0001:000032BC       System.TObject.DefaultHandler
 0001:000032C0       System.TObject.AfterConstruction
 0001:000032C4       System.TObject.BeforeDestruction
 0001:000032C8       System.TObject.Dispatch
 0001:000032F0       System.@ClassCreate
 0001:00003340       System.@ClassDestroy
 0001:00003348       System.@AfterConstruction
 0001:00003398       System.@BeforeDestruction
 0001:000033A8       System.NotifyReRaise
 0001:000033C4       System.NotifyNonDelphiException
 0001:000033E8       System.NotifyExcept
 0001:00003400       System.NotifyOnExcept
 0001:00003414       System.NotifyAnyExcept
 0001:00003428       System.CheckJmp
 0001:00003448       System.NotifyExceptFinally
 0001:00003470       System.NotifyTerminate
 0001:0000348C       System.NotifyUnhandled
 0001:000034AC       System.@HandleAnyException
 0001:000035D8       System.@HandleOnException
 0001:00003760       System.@HandleFinally
 0001:00003808       System.@HandleFinallyInternal
 0001:00003840       System.@RaiseExcept
 0001:00003868       System.@RaiseAgain
 0001:000038BC       System.@DoneExcept
 0001:000038EC       System.MapToRunError
 0001:0000398C       System.@ExceptionHandler
 0001:00003A2C       System.SetExceptionHandler
 0001:00003A4C       System.UnsetExceptionHandler
 0001:00003A74       System.FinalizeUnits
 0001:00003AD8       System.InitUnits
 0001:00003B40       System.@StartExe
 0001:00003B80       System.@InitResStringImports
 0001:00003BA8       System.@InitImports
 0001:00003BCC       System.MakeErrorMessage
 0001:00003C30       System.ExitDll
 0001:00003C60       System.WriteErrorMessage
 0001:00003CEC       System.@Halt0
 0001:00003DC8       System.@Halt
 0001:00003DD4       System.@RunError
 0001:00003DE0       System.ThreadWrapper
 0001:00003E18       System.BeginThread
 0001:00003E78       System.EndThread
 0001:00003E94       System.@LStrClr
 0001:00003EB8       System.@LStrArrayClr
 0001:00003EE8       System.@LStrAsg
 0001:00003F2C       System.@LStrLAsg
 0001:00003F58       System.@NewAnsiString
 0001:00003F84       System.@LStrFromPCharLen
 0001:00003FB4       System.CharFromWChar
 0001:00003FD4       System.WCharFromChar
 0001:00003FF0       System.@LStrFromPWCharLen
 0001:0000407C       System.@LStrFromChar
 0001:0000408C       System.@LStrFromPChar
 0001:000040BC       System.@LStrFromPWChar
 0001:000040F8       System.@LStrFromString
 0001:00004104       System.@LStrFromArray
 0001:0000411C       System.@LStrFromWStr
 0001:00004130       System.@LStrLen
 0001:0000413C       System.@LStrCat
 0001:00004188       System.@LStrCat3
 0001:00004204       System.@LStrCatN
 0001:00004298       System.@LStrCmp
 0001:000042F0       System.@LStrAddRef
 0001:00004300       System.@LStrToPChar
 0001:00004314       System.InternalUniqueString
 0001:00004358       System.UniqueString
 0001:00004360       System.@UniqueStringA
 0001:00004368       System.@LStrCopy
 0001:000043A8       System.@LStrDelete
 0001:000043F0       System.Pos
 0001:00004534       System.@LStrSetLength
 0001:00004598       System.@Write0LString
 0001:000045A0       System.@WriteLString
 0001:000045C0       System.WStrError
 0001:000045C8       System.@NewWideString
 0001:000045E0       System.WStrSet
 0001:000045F0       System.@WStrClr
 0001:00004608       System.@WStrArrayClr
 0001:0000462C       System.@WStrAsg
 0001:00004654       System.@WStrFromPCharLen
 0001:000046E0       System.@WStrFromPWCharLen
 0001:00004704       System.@WStrFromPWChar
 0001:00004740       System.@WStrFromLStr
 0001:00004750       System.@WStrToPWChar
 0001:00004760       System.@WStrLen
 0001:0000476C       System.@WStrCmp
 0001:000047F0       System.@WStrCopy
 0001:0000483C       System.@WStrSetLength
 0001:00004880       System.@InitializeRecord
 0001:000048B0       System.@InitializeArray
 0001:00004944       System.@Initialize
 0001:00004950       System.@FinalizeRecord
 0001:00004984       System.@VarClr
 0001:0000499C       System.@FinalizeArray
 0001:00004A88       System.@Finalize
 0001:00004A94       System.@VarCopy
 0001:00004AAC       System.@CopyRecord
 0001:00004BC8       System.@CopyArray
 0001:00004CC0       System.@New
 0001:00004CD4       System.@Dispose
 0001:00004CE4       System.@DispCallByIDError
 0001:00004CEC       System.@_llmul
 0001:00004D10       System.@DynArrayLength
 0001:00004D18       System.@DynArrayHigh
 0001:00004D20       System.CopyArray
 0001:00004D30       System.FinalizeArray
 0001:00004D38       System.DynArrayClear
 0001:00004D40       System.DynArraySetLength
 0001:00004ECC       System.@DynArraySetLength
 0001:00004ED8       System.@DynArrayClear
 0001:00004F14       System.@DynArrayAsg
 0001:00004F3C       System.FindHInstance
 0001:00004F64       System.DelayLoadResourceModule
 0001:00004FAC       System.FindResourceHInstance
 0001:00004FE4       System.FindBS
 0001:00005004       System.ToLongPath
 0001:000051C8       System.LoadResourceModule
 0001:00005438       System.AddModuleUnloadProc
 0001:00005440       System.RemoveModuleUnloadProc
 0001:00005448       System.AddModuleUnloadProc
 0001:00005468       System.RemoveModuleUnloadProc
 0001:000054CC       System.NotifyModuleUnload
 0001:00005528       System.RegisterModule
 0001:00005538       System.UnregisterModule
 0001:000055A8       System.@IntfClear
 0001:000055C0       System.@IntfCopy
 0001:000055EC       System.TInterfacedObject.AfterConstruction
 0001:000055F8       System.TInterfacedObject.BeforeDestruction
 0001:00005608       System.TInterfacedObject.NewInstance
 0001:00005618       System.TInterfacedObject.QueryInterface
 0001:00005640       System.TInterfacedObject._AddRef
 0001:00005654       System.TInterfacedObject._Release
 0001:0000567C       System.UnicodeToUtf8
 0001:00005758       System.Utf8ToUnicode
 0001:00005888       System.UTF8Encode
 0001:00005944       System.UTF8Decode
 0001:000059FC       System.AnsiToUtf8
 0001:00005A4C       System.LoadResString
 0001:00005AA4       System.GetACP
 0001:00005AAC       System.Finalization
 0001:00005B0C       SysInit.GetModuleHandle
 0001:00005B14       SysInit.LocalAlloc
 0001:00005B1C       SysInit.TlsGetValue
 0001:00005B24       SysInit.TlsSetValue
 0001:00005B2C       SysInit.AllocTlsBuffer
 0001:00005B38       SysInit.GetTlsSize
 0001:00005B40       SysInit.InitThreadTLS
 0001:00005B84       SysInit.@GetTls
 0001:00005BC4       SysInit.InitializeModule
 0001:00005BD0       SysInit.@InitExe
 0001:00005C14       Windows.CloseHandle
 0001:00005C1C       Windows.CompareString
 0001:00005C24       Windows.CreateEvent
 0001:00005C2C       Windows.CreateFile
 0001:00005C34       Windows.CreateThread
 0001:00005C3C       Windows.DeleteCriticalSection
 0001:00005C44       Windows.EnterCriticalSection
 0001:00005C4C       Windows.EnumCalendarInfoA
 0001:00005C54       Windows.FindClose
 0001:00005C5C       Windows.FindFirstFile
 0001:00005C64       Windows.FormatMessage
 0001:00005C6C       Windows.FreeLibrary
 0001:00005C74       Windows.InterlockedDecrement
 0001:00005C7C       Windows.InterlockedExchange
 0001:00005C84       Windows.InterlockedIncrement
 0001:00005C8C       Windows.GetCPInfo
 0001:00005C94       Windows.GetCurrentThreadId
 0001:00005C9C       Windows.GetDateFormat
 0001:00005CA4       Windows.GetDiskFreeSpaceA
 0001:00005CAC       Windows.GetExitCodeThread
 0001:00005CB4       Windows.GetFileAttributes
 0001:00005CBC       Windows.GetFullPathName
 0001:00005CC4       Windows.GetLastError
 0001:00005CCC       Windows.GetLocalTime
 0001:00005CD4       Windows.GetLocaleInfo
 0001:00005CDC       Windows.GetModuleFileName
 0001:00005CE4       Windows.GetModuleHandle
 0001:00005CEC       Windows.GetProcAddress
 0001:00005CF4       Windows.GetStdHandle
 0001:00005CFC       Windows.GetThreadLocale
 0001:00005D04       Windows.GetVersionEx
 0001:00005D0C       Windows.InitializeCriticalSection
 0001:00005D14       Windows.LeaveCriticalSection
 0001:00005D1C       Windows.ReadFile
 0001:00005D24       Windows.ResetEvent
 0001:00005D2C       Windows.ResumeThread
 0001:00005D34       Windows.SetEndOfFile
 0001:00005D3C       Windows.SetEvent
 0001:00005D44       Windows.SetFilePointer
 0001:00005D4C       Windows.Sleep
 0001:00005D54       Windows.VirtualQuery
 0001:00005D5C       Windows.WaitForSingleObject
 0001:00005D64       Windows.WriteFile
 0001:00005D6C       Windows.CharNext
 0001:00005D74       Windows.CharToOemA
 0001:00005D7C       Windows.CharUpperBuff
 0001:00005D84       Windows.GetSystemMetrics
 0001:00005D8C       Windows.LoadString
 0001:00005D94       Windows.MessageBox
 0001:00005D9C       Windows.MsgWaitForMultipleObjects
 0001:00005DA4       Windows.PeekMessage
 0001:00005DAC       Windows.Finalization
 0001:00005DF0       WinSock.accept
 0001:00005DF8       WinSock.bind
 0001:00005E00       WinSock.closesocket
 0001:00005E08       WinSock.htons
 0001:00005E10       WinSock.inet_addr
 0001:00005E18       WinSock.inet_ntoa
 0001:00005E20       WinSock.ioctlsocket
 0001:00005E28       WinSock.listen
 0001:00005E30       WinSock.recv
 0001:00005E38       WinSock.select
 0001:00005E40       WinSock.send
 0001:00005E48       WinSock.socket
 0001:00005E50       WinSock.WSAGetLastError
 0001:00005E58       WinSock.WSAStartup
 0001:00006168       SysUtils..Exception
 0001:000061D0       SysUtils..EHeapException
 0001:0000622C       SysUtils..EOutOfMemory
 0001:00006288       SysUtils..EInOutError
 0001:000062E0       SysUtils..EExternal
 0001:00006338       SysUtils..EExternalException
 0001:00006398       SysUtils..EIntError
 0001:000063F0       SysUtils..EDivByZero
 0001:00006448       SysUtils..ERangeError
 0001:000064A0       SysUtils..EIntOverflow
 0001:000064FC       SysUtils..EMathError
 0001:00006554       SysUtils..EInvalidOp
 0001:000065AC       SysUtils..EZeroDivide
 0001:00006604       SysUtils..EOverflow
 0001:0000665C       SysUtils..EUnderflow
 0001:000066B4       SysUtils..EInvalidPointer
 0001:00006710       SysUtils..EInvalidCast
 0001:0000676C       SysUtils..EConvertError
 0001:000067C8       SysUtils..EAccessViolation
 0001:00006828       SysUtils..EPrivilege
 0001:00006880       SysUtils..EStackOverflow
 0001:000068DC       SysUtils..EControlC
 0001:00006934       SysUtils..EVariantError
 0001:00006990       SysUtils..EAssertionFailed
 0001:000069F0       SysUtils..EAbstractError
 0001:00006A4C       SysUtils..EIntfCastError
 0001:00006AA8       SysUtils..EOSError
 0001:00006B00       SysUtils..ESafecallException
 0001:00006BB4       SysUtils..TThreadLocalCounter
 0001:00006C90       SysUtils..TMultiReadExclusiveWriteSynchronizer
 0001:00006D04       SysUtils.DivMod
 0001:00006D20       SysUtils.ConvertError
 0001:00006D38       SysUtils.ConvertErrorFmt
 0001:00006D5C       SysUtils.UpperCase
 0001:00006DE4       SysUtils.LowerCase
 0001:00006E6C       SysUtils.CompareStr
 0001:00006ED4       SysUtils.CompareText
 0001:00006F70       SysUtils.SameText
 0001:00006F94       SysUtils.AnsiUpperCase
 0001:00006FCC       SysUtils.AnsiCompareText
 0001:00007010       SysUtils.Trim
 0001:00007064       SysUtils.CvtInt
 0001:000070B0       SysUtils.IntToStr
 0001:000070D0       SysUtils.CvtInt64
 0001:0000719C       SysUtils.IntToStr
 0001:000071C4       SysUtils.IntToHex
 0001:000071EC       SysUtils.StrToInt
 0001:00007228       SysUtils.StrToIntDef
 0001:00007240       SysUtils.TryStrToInt
 0001:00007260       SysUtils.VerifyBoolStrArray
 0001:000072F0       SysUtils.CompareWith
 0001:00007374       SysUtils.TryStrToBool
 0001:00007410       SysUtils.BoolToStr
 0001:0000745C       SysUtils.FileOpen
 0001:000074B4       SysUtils.FileRead
 0001:000074E0       SysUtils.FileWrite
 0001:0000750C       SysUtils.FileSeek
 0001:0000755C       SysUtils.ExistsLockedOrShared
 0001:0000759C       SysUtils.FileExists
 0001:000075E4       SysUtils.LastDelimiter
 0001:00007638       SysUtils.ExtractFilePath
 0001:0000766C       SysUtils.ExtractFileName
 0001:000076A4       SysUtils.ExtractFileExt
 0001:000076EC       SysUtils.ExpandFileName
 0001:00007728       SysUtils.BackfillGetDiskFreeSpaceEx
 0001:0000779C       SysUtils.StrLen
 0001:000077CC       SysUtils.StrMove
 0001:000077DC       SysUtils.StrLCopy
 0001:00007810       SysUtils.StrLIComp
 0001:00007854       SysUtils.StrScan
 0001:00007868       SysUtils.StrPos
 0001:000078BC       SysUtils.StrAlloc
 0001:000078D0       SysUtils.StrNew
 0001:000078FC       SysUtils.FormatError
 0001:00007954       SysUtils.FormatVarToStr
 0001:00007978       SysUtils.FormatClearStr
 0001:00007984       SysUtils.FormatBuf
 0001:00007CFC       SysUtils.StrLFmt
 0001:00007D3C       SysUtils.Format
 0001:00007D50       SysUtils.FmtStr
 0001:00007E2C       SysUtils.PutExponent
 0001:00007E70       SysUtils.FloatToText
 0001:00008144       SysUtils.FloatToDecimal
 0001:00008370       SysUtils.TextToFloat
 0001:00008484       SysUtils.FloatToStr
 0001:000084B4       SysUtils.CurrToStr
 0001:000084E4       SysUtils.StrToFloat
 0001:00008520       SysUtils.TryStrToFloat
 0001:0000853C       SysUtils.TryStrToFloat
 0001:00008568       SysUtils.TryStrToFloat
 0001:00008594       SysUtils.TryStrToCurr
 0001:000085B0       SysUtils.DateTimeToTimeStamp
 0001:000085F4       SysUtils.TryEncodeTime
 0001:00008664       SysUtils.EncodeTime
 0001:000086A4       SysUtils.DecodeTime
 0001:00008700       SysUtils.IsLeapYear
[...]
 0004:000005AC       System.ReportMemoryLeaksOnShutdown
 0004:000005AD       System.NeverSleepOnMMThreadContention
 0004:000005B0       System..6
 0004:000005B4       System.DefaultSystemCodePage
 0004:000005B8       System.AllocSize2SmallBlockTypeIndX4
 0004:000006FE       System.MinimumBlockAlignment
 0004:00000700       System.MediumBlockPoolsCircularList
 0004:00000710       System.MediumBlocksLocked
 0004:00000714       System.LastSequentiallyFedMediumBlock
 0004:00000718       System.MediumSequentialFeedBytesLeft
 0004:0000071C       System.MediumBlockBinGroupBitmap
 0004:00000720       System.MediumBlockBinBitmaps
 0004:000007A0       System.MediumBlockBins
 0004:000027A0       System.LargeBlocksLocked
 0004:000027A4       System.LargeBlocksCircularList
 0004:000027B4       System.ExpectedMemoryLeaks
 0004:000027B8       System.ExpectedMemoryLeaksListLocked
 0004:000027BC       System.MMSharingWindow
 0004:000027C0       System.InitContext
 0004:000027EC       SysInit.ModuleIsLib
 0004:000027ED       SysInit.ModuleIsCpp
 0004:000027F0       SysInit.HInstance
 0004:000027F4       SysInit.tlsBuffer
 0004:000027F8       Windows..3
 0004:000027FC       Windows.HtmlHelpModule
 0004:00002800       SysUtils.CurrencyString
 0004:00002804       SysUtils.CurrencyFormat
 0004:00002805       SysUtils.NegCurrFormat
 0004:00002806       SysUtils.ThousandSeparator
 0004:00002807       SysUtils.DecimalSeparator
 0004:00002808       SysUtils.CurrencyDecimals
 0004:00002809       SysUtils.DateSeparator
 0004:0000280C       SysUtils.ShortDateFormat
 0004:00002810       SysUtils.LongDateFormat
 0004:00002814       SysUtils.TimeSeparator
 0004:00002818       SysUtils.TimeAMString
 0004:0000281C       SysUtils.TimePMString
 0004:00002820       SysUtils.ShortTimeFormat
 0004:00002824       SysUtils.LongTimeFormat
 0004:00002828       SysUtils.ShortMonthNames
 0004:00002858       SysUtils.LongMonthNames
 0004:00002888       SysUtils.ShortDayNames
 0004:000028A4       SysUtils.LongDayNames
 0004:000028C0       SysUtils.SysLocale
 0004:000028CE       SysUtils.ListSeparator
 0004:000028D0       SysUtils.EraNames
 0004:000028EC       SysUtils.EraYearOffsets
 0004:00002908       SysUtils.TrueBoolStrs
 0004:0000290C       SysUtils.FalseBoolStrs
 0004:00002910       SysUtils..35
 0004:00002914       SysUtils.OutOfMemory
 0004:00002918       SysUtils.InvalidPointer
 0004:0000291C       SysUtils.ValidatedUnitHashBuckets
 0004:00003910       SysUtils.UnitHashBuckets
 0004:00004904       SysUtils.FLanguages
 0004:00004908       VarUtils.VariantChangeTypeEx
 0004:0000490C       VarUtils.VarNeg
 0004:00004910       VarUtils.VarNot
 0004:00004914       VarUtils.VarAdd
 0004:00004918       VarUtils.VarSub
 0004:0000491C       VarUtils.VarMul
 0004:00004920       VarUtils.VarDiv
 0004:00004924       VarUtils.VarIDiv
 0004:00004928       VarUtils.VarMod
 0004:0000492C       VarUtils.VarAnd
 0004:00004930       VarUtils.VarOr
 0004:00004934       VarUtils.VarXor
 0004:00004938       VarUtils.VarCmp
 0004:0000493C       VarUtils.VarI4FromStr
 0004:00004940       VarUtils.VarR4FromStr
 0004:00004944       VarUtils.VarR8FromStr
 0004:00004948       VarUtils.VarDateFromStr
 0004:0000494C       VarUtils.VarCyFromStr
 0004:00004950       VarUtils.VarBoolFromStr
 0004:00004954       VarUtils.VarBstrFromCy
 0004:00004958       VarUtils.VarBstrFromDate
 0004:0000495C       VarUtils.VarBstrFromBool
 0004:00004960       VarUtils..5
 0004:00004964       Variants.EmptyParam
 0004:00004974       Variants.VarDispProc
 0004:00004978       Variants.ClearAnyProc
 0004:0000497C       Variants.ChangeAnyProc
 0004:00004980       Variants.RefAnyProc
 0004:00004984       Variants..81
 0004:00004988       Variants.LVarTypes
 0004:0000498C       Variants.LVarTypeSync
 0004:000049A4       TypInfo..6
 0004:000049A8       Classes.GlobalNameSpace
 0004:000049AC       Classes.SyncEvent
 0004:000049B0       Classes..95
 0004:000049B4       Classes.IntConstList
 0004:000049B8       Classes.RegGroups
 0004:000049BC       Classes.FindGlobalComponentProcs
 0004:000049C0       Classes.GlobalFixupList
 0004:000049C4       Classes.ThreadLock
 0004:000049DC       Classes.ThreadCount
 0004:000049E0       HTTPServer.Games
 0004:000049E4       HTTPServer..3
 0004:000049E8       WormNATServer.Links
 0004:000049EC       WormNATServer..3
 0004:000049F0       IRCServer.Users
 0004:000049F4       IRCServer..3
 0004:000049F8       Base.ServerHost
 0004:000049FC       Base.IRCPort
 0004:00004A00       Base.HTTPPort
 0004:00004A04       Base.WormNATPort
 0004:00004A08       Base.IRCOperPassword
 0004:00004A0C       Base.IRCChannel
 0004:00004A10       Base..1
 0004:00004A14       IniFiles..8
 0004:00004A18       WNServer.WSA
 0004:00004BA8       WNServer..
 0004:00004BB0       WNServer..
 0005:00000000       System.RaiseListPtr
 0005:00000004       System.InOutRes
 0005:00000008       Classes.GlobalLists
 0005:0000000C       SysInit.TlsLast


Line numbers for Data(Data.pas) segment .text

    81 0001:00013B34    82 0001:00013B54    83 0001:00013B62    84 0001:00013B6E
    86 0001:00013B76    87 0001:00013B7E    88 0001:00013B82    91 0001:00013B84
    92 0001:00013B88    94 0001:00013B8C    97 0001:00013B90   100 0001:00013B94
   101 0001:00013B96   102 0001:00013B9A   103 0001:00013BAD   104 0001:00013BBB
   105 0001:00013BDF   106 0001:00013BF0   128 0001:00013C30   129 0001:00013C55
   130 0001:00013C63   131 0001:00013C78   132 0001:00013C91   133 0001:00013CBE
   134 0001:00013CCE   136 0001:00013D1E

Line numbers for HTTPServer(HTTPServer.pas) segment .text

    47 0001:00013E5C    48 0001:00013E60    49 0001:00013E76    51 0001:00013EA8
    52 0001:00013EBE    51 0001:00013EE2    53 0001:00013EE5    54 0001:00013F09
    48 0001:00013F0A    55 0001:00013F13

Line numbers for HTTPServer(HTTPServer.pas) segment .text

    65 0001:00014F98    66 0001:00014FCC    67 0001:00014FDA    69 0001:00014FE2
    70 0001:00014FF4    72 0001:00014FF7    73 0001:00015033    75 0001:00015040
    77 0001:00015045    78 0001:0001504C    80 0001:00015051    81 0001:0001505B
    82 0001:00015075    84 0001:0001507E    85 0001:000150BA    87 0001:000150C7
    88 0001:000150D0    89 0001:000150DB    91 0001:0001510C    92 0001:00015117
    93 0001:00015141    94 0001:00015166    95 0001:0001517C    96 0001:0001518E
    97 0001:000151BF    99 0001:000151EF   100 0001:00015201   102 0001:0001521E
   104 0001:00015243   105 0001:00015255   108 0001:00015273   107 0001:00015285
   109 0001:000152AA   110 0001:000152CF   111 0001:000152E1   112 0001:00015315
   113 0001:00015331   114 0001:0001533E   115 0001:00015352   118 0001:0001535D
   119 0001:0001538C   116 0001:000153A8   125 0001:000153AE   126 0001:000153BB
   127 0001:000153C8   128 0001:000153D5   129 0001:000153DD   131 0001:000153EF
   132 0001:00015401   134 0001:00015413   137 0001:00015436   138 0001:00015448
   141 0001:0001545A   142 0001:00015470   144 0001:00015496   145 0001:0001549C
   146 0001:000154C0   147 0001:000154E7   148 0001:0001550B   149 0001:0001552F
   150 0001:00015537   152 0001:00015540   154 0001:0001554E   155 0001:00015550
   156 0001:00015566   157 0001:00015596   155 0001:000155A1   158 0001:000155A4
   159 0001:000155A8   164 0001:000155F5   165 0001:0001561F   167 0001:00015687
   168 0001:00015692   172 0001:0001569F   173 0001:000156C3   175 0001:000156E7
   176 0001:0001570B   178 0001:00015731   179 0001:00015747   180 0001:00015757
   178 0001:000157A7   181 0001:000157AA   183 0001:000157DD   184 0001:0001580B
   187 0001:0001581D   189 0001:00015849   190 0001:00015850   191 0001:00015868
   193 0001:000158B1   194 0001:000158C8   195 0001:000158DF   194 0001:0001590A
   196 0001:0001590F   197 0001:00015933   198 0001:00015936   190 0001:00015937
   199 0001:0001593E   201 0001:00015944   204 0001:0001598C   205 0001:000159A2
   206 0001:000159B2   204 0001:00015A02   207 0001:00015A05   211 0001:00015A35
   213 0001:00015A5D   216 0001:00015A6F   218 0001:00015AB7   220 0001:00015ACD
   221 0001:00015AD2   222 0001:00015ADF   223 0001:00015AF3   224 0001:00015B02
   222 0001:00015B51   225 0001:00015B54   228 0001:00015B66   232 0001:00015B7C
   233 0001:00015B96   234 0001:00015BA5   236 0001:00015BB7   238 0001:00015BBB
   239 0001:00015C09   240 0001:00015C1B   232 0001:00015C1C   241 0001:00015C24
   242 0001:00015C4C   243 0001:00015C62   244 0001:00015C90   245 0001:00015CA0
   247 0001:00015CC9   248 0001:00015CFC   249 0001:00015D09   250 0001:00015D13
   251 0001:00015D4B   249 0001:00015D59   252 0001:00015D5C   253 0001:00015D79
   256 0001:00015D9F   259 0001:00015DCC   260 0001:00015E05   261 0001:00015E1D
   262 0001:00015E28   264 0001:00015E51   265 0001:00015E53   266 0001:00015E61
   267 0001:00015E91   268 0001:00015EB6   270 0001:00015ED0   272 0001:00015EDA
   273 0001:00015EE6   274 0001:00015EED   278 0001:00016510   280 0001:00016535
   283 0001:00016542   281 0001:0001654C   283 0001:00016558   281 0001:00016567
   282 0001:00016577   283 0001:000165A8   293 0001:00016604   294 0001:00016635
   295 0001:00016637   297 0001:00016644   298 0001:0001664A   299 0001:00016657
   301 0001:00016669   303 0001:00016678   304 0001:000166A9   306 0001:000166AE
   308 0001:000166B9   309 0001:000166EA   311 0001:000166EF   314 0001:00016722
   315 0001:00016729   316 0001:00016739   318 0001:0001673E   319 0001:00016745
   321 0001:0001677E   322 0001:0001678E   323 0001:00016791   324 0001:000167A3
   327 0001:000167AF   328 0001:000167B6   329 0001:000167BB   336 0001:00016874
   337 0001:0001687D   338 0001:00016894

Line numbers for HTTPServer(HTTPServer.pas) segment .itext

   341 0002:0000028C

Line numbers for WormNATServer(WormNATServer.pas) segment .text

    46 0001:000169C4    47 0001:000169F1    48 0001:000169FF    52 0001:00016A47
    53 0001:00016A4D    54 0001:00016A56    55 0001:00016A5A    56 0001:00016A61
    57 0001:00016A6E    58 0001:00016A73    60 0001:00016AAE    63 0001:00016ABF
    64 0001:00016AD1    65 0001:00016AD4    67 0001:00016B0F    68 0001:00016B14
    70 0001:00016B2A    71 0001:00016B34    72 0001:00016B4E    73 0001:00016B57
    74 0001:00016B92   120 0001:00016B9B    75 0001:00016BA5    76 0001:00016BC1
    80 0001:00016BC6    81 0001:00016BCC    82 0001:00016BD5    83 0001:00016BE2
    84 0001:00016BE7    86 0001:00016C22    89 0001:00016C33    90 0001:00016C45
    91 0001:00016C48    93 0001:00016C83    94 0001:00016C88    96 0001:00016C9E
    97 0001:00016CA8    98 0001:00016CC2    99 0001:00016CCB   100 0001:00016D06
   120 0001:00016D0F   101 0001:00016D19   102 0001:00016D35   103 0001:00016D3A
   105 0001:00016D58   106 0001:00016D5A   108 0001:00016D89   109 0001:00016D95
   112 0001:00016DA1   113 0001:00016DA4   114 0001:00016DB8   115 0001:00016DC6
   113 0001:00016DC9   116 0001:00016DCC   117 0001:00016DE4   116 0001:00016DF8
   118 0001:00016DFB   119 0001:00016E1F   120 0001:00016E26   127 0001:00016FD0
   128 0001:00016FD7   129 0001:00016FE7   130 0001:00016FF2   131 0001:00016FFD
   132 0001:00017008   133 0001:00017013   134 0001:00017018   135 0001:0001701D
   136 0001:00017041   137 0001:00017055   147 0001:0001705C   148 0001:0001707C
   149 0001:0001707E   151 0001:0001708C   152 0001:00017092   153 0001:0001709F
   155 0001:000170B1   157 0001:000170C3   158 0001:000170F4   160 0001:000170F9
   162 0001:00017107   163 0001:00017138   165 0001:0001713D   168 0001:00017170
   169 0001:00017177   170 0001:0001718A   172 0001:00017193   173 0001:0001719A
   175 0001:000171C6   176 0001:000171CA   177 0001:000171E7   179 0001:000171F2
   181 0001:00017217   182 0001:0001721A   183 0001:00017220   184 0001:00017227
   186 0001:0001722B   188 0001:00017250   189 0001:00017253   190 0001:00017259
   191 0001:00017260   193 0001:00017264   176 0001:00017267   194 0001:0001726E
   196 0001:00017278   197 0001:000172A4   201 0001:000172AF   202 0001:000172B6
   203 0001:000172BB   210 0001:000173B8   211 0001:000173C1   212 0001:000173D8

Line numbers for WormNATServer(WormNATServer.pas) segment .itext

   214 0002:00000294

Line numbers for IRCServer(IRCServer.pas) segment .text

    63 0001:00017500    64 0001:0001752C    65 0001:00017555    66 0001:0001758C
    67 0001:000175B9    68 0001:000175E6    69 0001:00017613    70 0001:00017640
    71 0001:0001764A    75 0001:0001768E    76 0001:000176D5    77 0001:000176DD
    78 0001:000176EF    79 0001:00017701    77 0001:00017708    80 0001:0001770B
    81 0001:0001774E    82 0001:0001777B    83 0001:000177AF    85 0001:000177D1
    86 0001:000177E3    84 0001:00017816    87 0001:0001782B    88 0001:00017858
    90 0001:00017BC8    91 0001:00017BEC    92 0001:00017BFA    93 0001:00017C02
    94 0001:00017C04    97 0001:00017C0C    98 0001:00017C13    99 0001:00017C1C
   100 0001:00017C23   101 0001:00017C26   102 0001:00017C2B   103 0001:00017C32
   104 0001:00017C47   106 0001:00017C52   107 0001:00017C8E   110 0001:00017CA4
   113 0001:00017CB6   114 0001:00017CCB   116 0001:00017CCE   117 0001:00017D0A
   120 0001:00017D45   122 0001:00017D4B   123 0001:00017D72   126 0001:00017D88
   127 0001:00017D93   128 0001:00017DAE   130 0001:00017DB7   131 0001:00017DF3
   133 0001:00017E34   134 0001:00017E3D   135 0001:00017E48   136 0001:00017E4A
   140 0001:00017E4F   141 0001:00017E7C   142 0001:00017EC4   143 0001:00017EE0
   144 0001:00017EEF   146 0001:00017F1A   148 0001:00017F2D   150 0001:00017F3C
   158 0001:00017F4C   166 0001:00017F5F   167 0001:00017F68   170 0001:00017F9C
   171 0001:00017FB0   172 0001:00017FED   170 0001:00018000   173 0001:00018006
   174 0001:0001800C   177 0001:00018048   178 0001:0001804C   179 0001:00018066
   180 0001:000180A2   178 0001:000180A9   181 0001:000180AE   182 0001:000180B4
   184 0001:000180ED   185 0001:000180FB   186 0001:00018108   192 0001:00018114
   194 0001:00018127   195 0001:0001814B   196 0001:00018167   197 0001:0001818B
   198 0001:000181A7   199 0001:000181CB   200 0001:000181E7   201 0001:000181F5
   202 0001:00018202   205 0001:0001820E   208 0001:00018221   209 0001:0001822E
   210 0001:0001824C   211 0001:0001825D   209 0001:000182CB   212 0001:000182D4
   213 0001:000182DB   216 0001:000182E0   218 0001:000182F3   219 0001:000182FC
   221 0001:00018330   222 0001:00018339   224 0001:00018380   226 0001:00018396
   227 0001:000183CE   229 0001:000183D5   230 0001:000183F3   232 0001:00018408
   233 0001:0001845B   234 0001:00018467   235 0001:000184B0   229 0001:000184B3
   236 0001:000184BC   237 0001:000184F1   238 0001:0001850B   240 0001:0001851C
   241 0001:00018530   242 0001:0001853D   243 0001:00018560   237 0001:00018563
   244 0001:00018568   245 0001:00018573   248 0001:000185BE   251 0001:00018605
   253 0001:00018618   255 0001:00018625   256 0001:0001865D   257 0001:00018677
   258 0001:00018688   256 0001:000186DA   259 0001:000186DF   263 0001:000186EB
   265 0001:000186FE   266 0001:00018735   267 0001:00018768   268 0001:0001876E
   270 0001:000187AD   272 0001:000187BF   276 0001:0001880A   277 0001:0001880F
   278 0001:00018829   279 0001:00018841   277 0001:00018852   280 0001:00018857
   281 0001:0001885D   284 0001:000188A4   285 0001:000188AC   286 0001:000188B0
   287 0001:000188BE   285 0001:000188DE   288 0001:000188E4   293 0001:0001892E
   295 0001:00018950   296 0001:00018959   299 0001:0001898D   300 0001:000189C4
   301 0001:000189F7   303 0001:00018A0D   304 0001:00018A63   305 0001:00018A81
   306 0001:00018AA2   304 0001:00018B08   310 0001:00018B16   311 0001:00018B1B
   312 0001:00018B35   313 0001:00018B71   311 0001:00018B82   314 0001:00018B87
   315 0001:00018B8D   318 0001:00018BD4   319 0001:00018BE2   320 0001:00018C3C
   321 0001:00018C96   324 0001:00018CED   328 0001:00018CFC   330 0001:00018D0F
   331 0001:00018D5E   332 0001:00018D90   334 0001:00018DA6   335 0001:00018DD7
   336 0001:00018DE1   337 0001:00018E1A   338 0001:00018E27   339 0001:00018E45
   340 0001:00018E56   338 0001:00018EA2   344 0001:00018EAC   348 0001:00018EBF
   349 0001:00018EDD   350 0001:00018EF2   352 0001:00018F90   348 0001:00019020
   353 0001:00019029   356 0001:00019068   358 0001:0001907B   359 0001:00019080
   360 0001:0001909A   361 0001:000190AB   359 0001:000190B1   362 0001:000190B6
   363 0001:000190F0   364 0001:0001914F   367 0001:0001918E   369 0001:000191A1
   370 0001:000191D1   371 0001:000191D6   372 0001:000191F0   373 0001:00019208
   371 0001:00019219   374 0001:0001921E   375 0001:00019224   378 0001:00019260
   379 0001:000192AB   383 0001:000192BB   385 0001:000192CE   386 0001:000192EA
   387 0001:000192FF   385 0001:00019358   388 0001:0001935D   391 0001:000193BB
   138 0001:000193FD   394 0001:00019410   395 0001:00019411   396 0001:00019419
   397 0001:0001943F   399 0001:0001944B   400 0001:00019454   401 0001:0001946E
   402 0001:0001947F   400 0001:000194C5   403 0001:000194CA   404 0001:000194DE
   406 0001:000194E0   407 0001:000194ED   408 0001:00019510   411 0001:0001953A
   413 0001:0001953D   414 0001:0001954A   415 0001:00019568   416 0001:00019579
   417 0001:00019587   419 0001:000195DF   414 0001:000195E7   420 0001:000195F0
   424 0001:00019628   425 0001:00019632   426 0001:00019638   428 0001:00019640
   431 0001:00019671   432 0001:00019678   433 0001:00019692   434 0001:000196A2
   432 0001:000196AB   435 0001:000196B0   436 0001:000196B6   439 0001:000196DB
   440 0001:000196F8   439 0001:00019713   441 0001:00019718   443 0001:0001973C
   444 0001:00019743   447 0001:00019F18   448 0001:00019F40   449 0001:00019F4A
   450 0001:00019F9D   456 0001:00019FAA   451 0001:00019FB4   456 0001:00019FC0
   451 0001:00019FCF   453 0001:00019FDF   454 0001:00019FE4   456 0001:0001A015
   466 0001:0001A098   467 0001:0001A0C9   468 0001:0001A0CB   470 0001:0001A0D8
   471 0001:0001A0DE   472 0001:0001A0EB   474 0001:0001A0FD   476 0001:0001A10C
   477 0001:0001A13D   479 0001:0001A142   481 0001:0001A14D   482 0001:0001A17E
   484 0001:0001A183   487 0001:0001A1B6   488 0001:0001A1BD   489 0001:0001A1CD
   491 0001:0001A1D6   492 0001:0001A1DD   494 0001:0001A209   495 0001:0001A219
   496 0001:0001A21C   497 0001:0001A22E   498 0001:0001A235   499 0001:0001A259
   500 0001:0001A26D   503 0001:0001A279   504 0001:0001A280   505 0001:0001A285
   510 0001:0001A340   511 0001:0001A367   512 0001:0001A37B   513 0001:0001A38C
   511 0001:0001A3C0   514 0001:0001A3C3   521 0001:0001A418   522 0001:0001A421
   523 0001:0001A438

Line numbers for IRCServer(IRCServer.pas) segment .itext

   525 0002:0000029C

Line numbers for Base(Base.pas) segment .text

    29 0001:0001A47C    30 0001:0001A4B8    31 0001:0001A4E3    35 0001:0001A51F
    36 0001:0001A55E    37 0001:0001A569    38 0001:0001A57C    40 0001:0001A587
    42 0001:0001A58E    46 0001:0001A592    48 0001:0001A5A4    51 0001:0001A5AB
    53 0001:0001A5B3    58 0001:0001A628    59 0001:0001A661    61 0001:0001A66B
    62 0001:0001A696    66 0001:0001A6CC    67 0001:0001A70B    68 0001:0001A716
    69 0001:0001A729    71 0001:0001A734    72 0001:0001A73B

Line numbers for Base(Base.pas) segment .text

    81 0001:0001ADEC    82 0001:0001AE0D    83 0001:0001AE27    84 0001:0001AE31
    85 0001:0001AE41    83 0001:0001AE4F    86 0001:0001AE52

Line numbers for Base(Base.pas) segment .itext

    97 0002:000002A4

Line numbers for WNServer(WNServer.dpr) segment .itext

    20 0002:000002B4    21 0002:000002E6    23 0002:00000313    25 0002:0000035C
    26 0002:0000038F    27 0002:000003B5    28 0002:000003D3    29 0002:000003EE
    30 0002:0000040C    31 0002:00000432    34 0002:00000458    36 0002:00000464
    37 0002:0000046E    38 0002:00000473    39 0002:0000047A    40 0002:00000484
    41 0002:00000489    42 0002:00000490    43 0002:0000049A    44 0002:0000049F
    45 0002:000004A6

Bound resource files

C:\Users\Vladimir\AppData\Local\Temp\dtf2556.tmp


Program entry point at 0002:000002B4
